Nov  4 04:06:41 l337h4x0r-laptop rsyslogd: [origin software="rsyslogd" swVersion="8.12.0" x-pid="487" x-info="http://www.rsyslog.com"] rsyslogd was HUPed
Nov  4 04:06:43 l337h4x0r-laptop anacron[461]: Job `cron.daily' terminated
Nov  4 04:06:43 l337h4x0r-laptop anacron[461]: Normal exit (1 job run)
Nov  4 04:07:45 l337h4x0r-laptop kernel: [  984.129781] ohci-pci 0000:00:06.0: frame counter not updating; disabled
Nov  4 04:07:45 l337h4x0r-laptop kernel: [  984.129839] ohci-pci 0000:00:06.0: HC died; cleaning up
Nov  4 04:07:45 l337h4x0r-laptop kernel: [  984.133336] usb 1-1: USB disconnect, device number 2
Nov  4 04:07:45 l337h4x0r-laptop kernel: [  998.071081] irq 11: nobody cared (try booting with the "irqpoll" option)
Nov  4 04:07:45 l337h4x0r-laptop kernel: [  998.071094] CPU: 0 PID: 1223 Comm: kworker/0:0 Not tainted 4.2.0-16-generic #19-Ubuntu
Nov  4 04:07:45 l337h4x0r-laptop kernel: [  998.071097] Hardware name: innotek GmbH VirtualBox/VirtualBox, BIOS VirtualBox 12/01/2006
Nov  4 04:07:45 l337h4x0r-laptop kernel: [  998.071121] Workqueue: usb_hub_wq hub_event
Nov  4 04:07:45 l337h4x0r-laptop kernel: [  998.071126]  c1a629a7 553a5d24 00000000 ed033f50 c175dae1 ed0314e4 ed033f70 c10c421c
Nov  4 04:07:45 l337h4x0r-laptop kernel: [  998.071133]  c19615e4 0000000b c1491d61 f0b304a1 ed031480 00000000 ed033f94 c10c45a2
Nov  4 04:07:45 l337h4x0r-laptop kernel: [  998.071139]  c1491d61 0002a9b5 c1ac8280 553a5d24 ed031480 ed0314e4 00000000 ed033fd0
Nov  4 04:07:45 l337h4x0r-laptop kernel: [  998.071146] Call Trace:
Nov  4 04:07:45 l337h4x0r-laptop kernel: [  998.071156]  [<c175dae1>] dump_stack+0x41/0x52
Nov  4 04:07:45 l337h4x0r-laptop kernel: [  998.071161]  [<c10c421c>] __report_bad_irq+0x2c/0xd0
Nov  4 04:07:45 l337h4x0r-laptop kernel: [  998.071169]  [<c1491d61>] ? add_interrupt_randomness+0x171/0x1b0
Nov  4 04:07:45 l337h4x0r-laptop kernel: [  998.071178]  [<f0b304a1>] ? snd_intel8x0_interrupt+0x1f1/0x230 [snd_intel8x0]
Nov  4 04:07:45 l337h4x0r-laptop kernel: [  998.071182]  [<c10c45a2>] note_interrupt+0x212/0x250
Nov  4 04:07:45 l337h4x0r-laptop kernel: [  998.071187]  [<c1491d61>] ? add_interrupt_randomness+0x171/0x1b0
Nov  4 04:07:45 l337h4x0r-laptop kernel: [  998.071194]  [<c10c1ed2>] handle_irq_event_percpu+0x122/0x190
Nov  4 04:07:45 l337h4x0r-laptop kernel: [  998.071199]  [<c10c1f74>] handle_irq_event+0x34/0x50
Nov  4 04:07:45 l337h4x0r-laptop kernel: [  998.071203]  [<c10c4bee>] handle_level_irq+0x6e/0xe0
Nov  4 04:07:45 l337h4x0r-laptop kernel: [  998.071206]  [<c10c4b80>] ? handle_nested_irq+0xc0/0xc0
Nov  4 04:07:45 l337h4x0r-laptop kernel: [  998.071214]  [<c1013876>] handle_irq+0x56/0x90
Nov  4 04:07:45 l337h4x0r-laptop kernel: [  998.071216]  <IRQ>  [<c1764c6c>] do_IRQ+0x3c/0xd0
Nov  4 04:07:45 l337h4x0r-laptop kernel: [  998.071227]  [<c17640f3>] common_interrupt+0x33/0x38
Nov  4 04:07:45 l337h4x0r-laptop kernel: [  998.071234]  [<c106e69d>] ? __do_softirq+0x5d/0x230
Nov  4 04:07:45 l337h4x0r-laptop kernel: [  998.071239]  [<c106e640>] ? cpu_callback+0x190/0x190
Nov  4 04:07:45 l337h4x0r-laptop kernel: [  998.071244]  [<c1013818>] do_softirq_own_stack+0x28/0x30
Nov  4 04:07:45 l337h4x0r-laptop kernel: [  998.071246]  <IRQ>  [<c106e9e5>] irq_exit+0xa5/0xb0
Nov  4 04:07:45 l337h4x0r-laptop kernel: [  998.071253]  [<c1764c75>] do_IRQ+0x45/0xd0
Nov  4 04:07:45 l337h4x0r-laptop kernel: [  998.071258]  [<c17640f3>] common_interrupt+0x33/0x38
Nov  4 04:07:45 l337h4x0r-laptop kernel: [  998.071264]  [<c1571eda>] ? usb_hcd_flush_endpoint+0x6a/0x170
Nov  4 04:07:45 l337h4x0r-laptop kernel: [  998.071269]  [<c1574cc4>] usb_disable_endpoint+0x94/0xa0
Nov  4 04:07:45 l337h4x0r-laptop kernel: [  998.071272]  [<c1574d12>] usb_disable_interface+0x42/0x60
Nov  4 04:07:45 l337h4x0r-laptop kernel: [  998.071278]  [<c157768d>] usb_unbind_interface+0x19d/0x250
Nov  4 04:07:45 l337h4x0r-laptop kernel: [  998.071285]  [<c14ba8bc>] __device_release_driver+0x7c/0x100
Nov  4 04:07:45 l337h4x0r-laptop kernel: [  998.071289]  [<c14ba95d>] device_release_driver+0x1d/0x30
Nov  4 04:07:45 l337h4x0r-laptop kernel: [  998.071293]  [<c14ba063>] bus_remove_device+0xc3/0x130
Nov  4 04:07:45 l337h4x0r-laptop kernel: [  998.071299]  [<c14b61f4>] ? device_remove_attrs+0x54/0x70
Nov  4 04:07:45 l337h4x0r-laptop kernel: [  998.071304]  [<c14b6b3c>] device_del+0xfc/0x210
Nov  4 04:07:45 l337h4x0r-laptop kernel: [  998.071309]  [<c157ba5a>] ? usb_remove_ep_devs+0x1a/0x30
Nov  4 04:07:45 l337h4x0r-laptop kernel: [  998.071314]  [<c15746f8>] ? remove_intf_ep_devs+0x38/0x50
Nov  4 04:07:45 l337h4x0r-laptop kernel: [  998.071318]  [<c1574daf>] usb_disable_device+0x7f/0x260
Nov  4 04:07:45 l337h4x0r-laptop kernel: [  998.071322]  [<c156acca>] usb_disconnect+0x8a/0x250
Nov  4 04:07:45 l337h4x0r-laptop kernel: [  998.071327]  [<c156aedc>] hub_quiesce+0x4c/0x90
Nov  4 04:07:45 l337h4x0r-laptop kernel: [  998.071331]  [<c156d3a7>] hub_event+0x167/0xb40
Nov  4 04:07:45 l337h4x0r-laptop kernel: [  998.071339]  [<c10a1758>] ? pick_next_task_fair+0x528/0xbd0
Nov  4 04:07:45 l337h4x0r-laptop kernel: [  998.071345]  [<c1010538>] ? __switch_to+0x198/0x510
Nov  4 04:07:45 l337h4x0r-laptop kernel: [  998.071350]  [<c10810b5>] process_one_work+0x155/0x3e0
Nov  4 04:07:45 l337h4x0r-laptop kernel: [  998.071354]  [<c1081377>] worker_thread+0x37/0x490
Nov  4 04:07:45 l337h4x0r-laptop kernel: [  998.071358]  [<c1081340>] ? process_one_work+0x3e0/0x3e0
Nov  4 04:07:45 l337h4x0r-laptop kernel: [  998.071363]  [<c1086a56>] kthread+0xa6/0xc0
Nov  4 04:07:45 l337h4x0r-laptop kernel: [  998.071369]  [<c1763741>] ret_from_kernel_thread+0x21/0x30
Nov  4 04:07:45 l337h4x0r-laptop kernel: [  998.071374]  [<c10869b0>] ? kthread_create_on_node+0x170/0x170
Nov  4 04:07:45 l337h4x0r-laptop kernel: [  998.071377] handlers:
Nov  4 04:07:45 l337h4x0r-laptop kernel: [  998.071381] [<c156f330>] usb_hcd_irq
Nov  4 04:07:45 l337h4x0r-laptop kernel: [  998.071386] [<f08a5230>] ahci_single_level_irq_intr [libahci]
Nov  4 04:07:45 l337h4x0r-laptop kernel: [  998.071390] [<f0b302b0>] snd_intel8x0_interrupt [snd_intel8x0]
Nov  4 04:07:45 l337h4x0r-laptop kernel: [  998.071392] Disabling IRQ #11
Nov  4 04:07:45 l337h4x0r-laptop kernel: [  998.072303] clocksource: timekeeping watchdog: Marking clocksource 'tsc' as unstable because the skew is too large:
Nov  4 04:07:45 l337h4x0r-laptop kernel: [  998.072308] clocksource:                       'acpi_pm' wd_now: 3106b6 wd_last: 269762 mask: ffffff
Nov  4 04:07:45 l337h4x0r-laptop kernel: [  998.072311] clocksource:                       'tsc' cs_now: 18da0667578 cs_last: 187fb4edfa6 mask: ffffffffffffffff
Nov  4 04:07:45 l337h4x0r-laptop kernel: [  998.112622] clocksource: Switched to clocksource acpi_pm
Nov  4 04:13:31 l337h4x0r-laptop systemd[1]: Time has been changed
Nov  4 04:13:31 l337h4x0r-laptop systemd[735]: Time has been changed
Nov  4 04:17:02 l337h4x0r-laptop CRON[1385]: (root) CMD (   cd / && run-parts --report /etc/cron.hourly)
Nov  4 04:17:29 l337h4x0r-laptop NetworkManager[481]: <info>  (enp0s3): link disconnected (deferring action for 4 seconds)
Nov  4 04:17:29 l337h4x0r-laptop kernel: [ 1579.320832] e1000: enp0s3 NIC Link is Down
Nov  4 04:17:33 l337h4x0r-laptop NetworkManager[481]: <info>  (enp0s3): link connected
Nov  4 04:17:33 l337h4x0r-laptop NetworkManager[481]: <info>  (enp0s3): DHCPv4 lease renewal requested
Nov  4 04:17:33 l337h4x0r-laptop NetworkManager[481]: <info>  (enp0s3): canceled DHCP transaction, DHCP client pid 548
Nov  4 04:17:33 l337h4x0r-laptop NetworkManager[481]: <info>  (enp0s3): DHCPv4 state changed bound -> done
Nov  4 04:17:33 l337h4x0r-laptop NetworkManager[481]: <info>  Activation (enp0s3) Beginning DHCPv4 transaction (timeout in 45 seconds)
Nov  4 04:17:33 l337h4x0r-laptop kernel: [ 1583.329215] e1000: enp0s3 NIC Link is Up 1000 Mbps Full Duplex, Flow Control: RX
Nov  4 04:17:33 l337h4x0r-laptop NetworkManager[481]: <info>  dhclient started with pid 1387
Nov  4 04:17:34 l337h4x0r-laptop dhclient: DHCPREQUEST of 192.168.1.78 on enp0s3 to 255.255.255.255 port 67 (xid=0x165a5483)
Nov  4 04:17:34 l337h4x0r-laptop dhclient: DHCPNAK from 192.17.2.20 (xid=0x83545a16)
Nov  4 04:17:34 l337h4x0r-laptop NetworkManager[481]: <info>  (enp0s3): DHCPv4 state changed unknown -> expire
Nov  4 04:17:34 l337h4x0r-laptop NetworkManager[481]: <info>  (enp0s3): canceled DHCP transaction, DHCP client pid 1387
Nov  4 04:17:34 l337h4x0r-laptop NetworkManager[481]: <info>  (enp0s3): DHCPv4 state changed expire -> done
Nov  4 04:17:34 l337h4x0r-laptop NetworkManager[481]: <info>  (enp0s3): device state change: activated -> failed (reason 'ip-config-expired') [100 120 6]
Nov  4 04:17:34 l337h4x0r-laptop NetworkManager[481]: <info>  NetworkManager state is now CONNECTED_LOCAL
Nov  4 04:17:34 l337h4x0r-laptop whoopsie[439]: [04:17:34] offline
Nov  4 04:17:34 l337h4x0r-laptop NetworkManager[481]: <info>  NetworkManager state is now DISCONNECTED
Nov  4 04:17:35 l337h4x0r-laptop NetworkManager[481]: <info>  Connection 'Wired connection 1' failed to autoconnect; 4 tries left
Nov  4 04:17:35 l337h4x0r-laptop NetworkManager[481]: <warn>  (enp0s3): Activation: failed for connection 'Wired connection 1'
Nov  4 04:17:35 l337h4x0r-laptop dbus[496]: [system] Activating via systemd: service name='org.freedesktop.nm_dispatcher' unit='dbus-org.freedesktop.nm-dispatcher.service'
Nov  4 04:17:35 l337h4x0r-laptop NetworkManager[481]: <info>  (enp0s3): device state change: failed -> disconnected (reason 'none') [120 30 0]
Nov  4 04:17:35 l337h4x0r-laptop dnsmasq[656]: setting upstream servers from DBus
Nov  4 04:17:35 l337h4x0r-laptop NetworkManager[481]: <info>  Writing DNS information to /sbin/resolvconf
Nov  4 04:17:35 l337h4x0r-laptop systemd[1]: Starting Network Manager Script Dispatcher Service...
Nov  4 04:17:35 l337h4x0r-laptop NetworkManager[481]: <info>  Device 'enp0s3' has no connection; scheduling activate_check in 0 seconds.
Nov  4 04:17:35 l337h4x0r-laptop NetworkManager[481]: <info>  Auto-activating connection 'Wired connection 1'.
Nov  4 04:17:35 l337h4x0r-laptop NetworkManager[481]: <info>  (enp0s3): Activation: starting connection 'Wired connection 1' (1ec10eed-1c6d-4abd-b161-d7381db60e00)
Nov  4 04:17:35 l337h4x0r-laptop NetworkManager[481]: <info>  (enp0s3): device state change: disconnected -> prepare (reason 'none') [30 40 0]
Nov  4 04:17:35 l337h4x0r-laptop NetworkManager[481]: <info>  NetworkManager state is now CONNECTING
Nov  4 04:17:35 l337h4x0r-laptop NetworkManager[481]: <info>  (enp0s3): device state change: prepare -> config (reason 'none') [40 50 0]
Nov  4 04:17:35 l337h4x0r-laptop NetworkManager[481]: <info>  (enp0s3): device state change: config -> ip-config (reason 'none') [50 70 0]
Nov  4 04:17:35 l337h4x0r-laptop NetworkManager[481]: <info>  Activation (enp0s3) Beginning DHCPv4 transaction (timeout in 45 seconds)
Nov  4 04:17:35 l337h4x0r-laptop NetworkManager[481]: <info>  dhclient started with pid 1421
Nov  4 04:17:35 l337h4x0r-laptop dhclient: DHCPREQUEST of 192.168.1.78 on enp0s3 to 255.255.255.255 port 67 (xid=0x1b57d4bd)
Nov  4 04:17:35 l337h4x0r-laptop dhclient: DHCPNAK from 192.17.2.20 (xid=0xbdd4571b)
Nov  4 04:17:35 l337h4x0r-laptop NetworkManager[481]: <info>  (enp0s3): DHCPv4 state changed unknown -> expire
Nov  4 04:17:35 l337h4x0r-laptop NetworkManager[481]: <info>  (enp0s3): DHCPv4 state changed expire -> unknown
Nov  4 04:17:35 l337h4x0r-laptop dhclient: DHCPDISCOVER on enp0s3 to 255.255.255.255 port 67 interval 3 (xid=0xb3e8ca12)
Nov  4 04:17:35 l337h4x0r-laptop com.canonical.indicator.application[795]: (process:926): indicator-application-service-WARNING **: Application already exists, re-requesting properties.
Nov  4 04:17:36 l337h4x0r-laptop dbus[496]: [system] Successfully activated service 'org.freedesktop.nm_dispatcher'
Nov  4 04:17:36 l337h4x0r-laptop systemd[1]: Started Network Manager Script Dispatcher Service.
Nov  4 04:17:36 l337h4x0r-laptop nm-dispatcher: Dispatching action 'down' for enp0s3
Nov  4 04:17:36 l337h4x0r-laptop dhclient: DHCPREQUEST of 172.17.66.104 on enp0s3 to 255.255.255.255 port 67 (xid=0x12cae8b3)
Nov  4 04:17:36 l337h4x0r-laptop dhclient: DHCPOFFER of 172.17.66.104 from 192.17.2.10
Nov  4 04:17:36 l337h4x0r-laptop dhclient: DHCPACK of 172.17.66.104 from 192.17.2.10
Nov  4 04:17:36 l337h4x0r-laptop NetworkManager[481]: <info>    address 172.17.66.104
Nov  4 04:17:36 l337h4x0r-laptop NetworkManager[481]: <info>    plen 16 (255.255.0.0)
Nov  4 04:17:36 l337h4x0r-laptop NetworkManager[481]: <info>    gateway 172.17.0.1
Nov  4 04:17:36 l337h4x0r-laptop NetworkManager[481]: <info>    server identifier 192.17.2.10
Nov  4 04:17:36 l337h4x0r-laptop NetworkManager[481]: <info>    lease time 14400
Nov  4 04:17:36 l337h4x0r-laptop NetworkManager[481]: <info>    nameserver '130.126.2.131'
Nov  4 04:17:36 l337h4x0r-laptop NetworkManager[481]: <info>    wins '128.174.5.30'
Nov  4 04:17:36 l337h4x0r-laptop NetworkManager[481]: <info>    wins '128.174.5.31'
Nov  4 04:17:36 l337h4x0r-laptop NetworkManager[481]: <info>  (enp0s3): DHCPv4 state changed unknown -> bound
Nov  4 04:17:36 l337h4x0r-laptop NetworkManager[481]: <info>  (enp0s3): device state change: ip-config -> ip-check (reason 'none') [70 80 0]
Nov  4 04:17:36 l337h4x0r-laptop NetworkManager[481]: <info>  (enp0s3): device state change: ip-check -> secondaries (reason 'none') [80 90 0]
Nov  4 04:17:36 l337h4x0r-laptop NetworkManager[481]: <info>  (enp0s3): device state change: secondaries -> activated (reason 'none') [90 100 0]
Nov  4 04:17:36 l337h4x0r-laptop NetworkManager[481]: <info>  NetworkManager state is now CONNECTED_LOCAL
Nov  4 04:17:37 l337h4x0r-laptop com.canonical.indicator.application[795]: (process:926): indicator-application-service-WARNING **: Application already exists, re-requesting properties.
Nov  4 04:17:37 l337h4x0r-laptop dhclient: bound to 172.17.66.104 -- renewal in 5862 seconds.
Nov  4 04:17:37 l337h4x0r-laptop NetworkManager[481]: <info>  NetworkManager state is now CONNECTED_GLOBAL
Nov  4 04:17:37 l337h4x0r-laptop NetworkManager[481]: <info>  Policy set 'Wired connection 1' (enp0s3) as default for IPv4 routing and DNS.
Nov  4 04:17:37 l337h4x0r-laptop NetworkManager[481]: <info>  Writing DNS information to /sbin/resolvconf
Nov  4 04:17:37 l337h4x0r-laptop dnsmasq[656]: setting upstream servers from DBus
Nov  4 04:17:37 l337h4x0r-laptop dnsmasq[656]: using nameserver 130.126.2.131#53
Nov  4 04:17:37 l337h4x0r-laptop NetworkManager[481]: <info>  (enp0s3): Activation: successful, device activated.
Nov  4 04:17:37 l337h4x0r-laptop nm-dispatcher: Dispatching action 'up' for enp0s3
Nov  4 04:17:38 l337h4x0r-laptop ntpd[531]: Listen normally on 6 enp0s3 172.17.66.104 UDP 123
Nov  4 04:17:38 l337h4x0r-laptop ntpd[531]: Deleting interface #5 enp0s3, 192.168.1.78#123, interface stats: received=115, sent=124, dropped=0, active_time=1563 secs
Nov  4 04:17:38 l337h4x0r-laptop ntpd[531]: 91.189.89.199 interface 192.168.1.78 -> (none)
Nov  4 04:17:38 l337h4x0r-laptop ntpd[531]: 104.232.3.3 interface 192.168.1.78 -> (none)
Nov  4 04:17:38 l337h4x0r-laptop ntpd[531]: 69.167.160.102 interface 192.168.1.78 -> (none)
Nov  4 04:17:38 l337h4x0r-laptop ntpd[531]: 64.71.128.26 interface 192.168.1.78 -> (none)
Nov  4 04:17:38 l337h4x0r-laptop ntpd[531]: 66.228.42.59 interface 192.168.1.78 -> (none)
Nov  4 04:17:38 l337h4x0r-laptop ntpd[531]: peers refreshed
Nov  4 04:17:38 l337h4x0r-laptop ntpd[531]: new interface(s) found: waking up resolver
Nov  4 04:17:39 l337h4x0r-laptop com.canonical.indicator.application[795]: (process:926): indicator-application-service-WARNING **: Application already exists, re-requesting properties.
Nov  4 04:17:39 l337h4x0r-laptop com.canonical.indicator.application[795]: (process:926): indicator-application-service-WARNING **: Application already exists, re-requesting properties.
Nov  4 04:17:40 l337h4x0r-laptop whoopsie[439]: [04:17:40] The default IPv4 route is: /org/freedesktop/NetworkManager/ActiveConnection/1
Nov  4 04:17:40 l337h4x0r-laptop whoopsie[439]: [04:17:40] Not a paid data plan: /org/freedesktop/NetworkManager/ActiveConnection/1
Nov  4 04:17:40 l337h4x0r-laptop whoopsie[439]: [04:17:40] Found usable connection: /org/freedesktop/NetworkManager/ActiveConnection/1
Nov  4 04:17:40 l337h4x0r-laptop whoopsie[439]: [04:17:40] online
Nov  4 05:01:48 l337h4x0r-laptop systemd[1]: Starting Store Sound Card State...
Nov  4 05:01:48 l337h4x0r-laptop systemd[1]: Stopped target Timers.
Nov  4 05:01:48 l337h4x0r-laptop systemd[1]: Stopping Daemon for power management...
Nov  4 05:01:48 l337h4x0r-laptop systemd[1]: Stopping Disk Manager...
Nov  4 05:01:48 l337h4x0r-laptop systemd[1]: Stopping User Manager for UID 1000...
Nov  4 05:01:48 l337h4x0r-laptop systemd[1]: Stopped Setup Virtual Console.
Nov  4 05:01:48 l337h4x0r-laptop dbus[496]: [system] Activating via systemd: service name='org.freedesktop.PolicyKit1' unit='polkitd.service'
Nov  4 05:01:48 l337h4x0r-laptop systemd[1]: Stopping Authenticate and Authorize Users to Run Privileged Tasks...
Nov  4 05:01:48 l337h4x0r-laptop systemd[1]: Starting Unattended Upgrades Shutdown...
Nov  4 05:01:48 l337h4x0r-laptop systemd[1]: Stopped target System Time Synchronized.
Nov  4 05:01:48 l337h4x0r-laptop systemd[1]: Stopped target Sound Card.
Nov  4 05:01:48 l337h4x0r-laptop systemd[1]: Deactivating swap /dev/disk/by-id/ata-VBOX_HARDDISK_VBfe20e564-0b49546c-part5...
Nov  4 05:01:48 l337h4x0r-laptop systemd[1]: Deactivating swap /dev/disk/by-id/ata-VBOX_HARDDISK_VBfe20e564-0b49546c-part2...
Nov  4 05:01:48 l337h4x0r-laptop systemd[1]: Stopped target Graphical Interface.
Nov  4 05:01:48 l337h4x0r-laptop systemd[1]: Stopped target Multi-User System.
Nov  4 05:01:48 l337h4x0r-laptop systemd[1]: Stopping D-Bus System Message Bus...
Nov  4 05:01:48 l337h4x0r-laptop dbus[496]: [system] Activating via systemd: service name='org.freedesktop.UPower' unit='upower.service'
Nov  4 05:01:48 l337h4x0r-laptop ModemManager[458]: <info>  Caught signal, shutting down...
Nov  4 05:01:48 l337h4x0r-laptop NetworkManager[481]: <info>  ModemManager disappeared from bus
Nov  4 05:01:48 l337h4x0r-laptop ModemManager[458]: <info>  ModemManager is shut down
Nov  4 05:01:48 l337h4x0r-laptop systemd[1]: Stopping Modem Manager...
Nov  4 05:01:48 l337h4x0r-laptop systemd[1]: Stopping crash report submission daemon...
Nov  4 05:01:48 l337h4x0r-laptop rsyslogd: [origin software="rsyslogd" swVersion="8.12.0" x-pid="487" x-info="http://www.rsyslog.com"] exiting on signal 15.
Nov  4 19:30:05 l337h4x0r-laptop rsyslogd: [origin software="rsyslogd" swVersion="8.12.0" x-pid="517" x-info="http://www.rsyslog.com"] start
Nov  4 19:30:05 l337h4x0r-laptop rsyslogd-2222: command 'KLogPermitNonKernelFacility' is currently not permitted - did you already set it via a RainerScript command (v6+ config)? [v8.12.0 try http://www.rsyslog.com/e/2222 ]
Nov  4 19:30:05 l337h4x0r-laptop rsyslogd: rsyslogd's groupid changed to 109
Nov  4 19:30:05 l337h4x0r-laptop rsyslogd: rsyslogd's userid changed to 104
Nov  4 19:30:05 l337h4x0r-laptop rsyslogd-2039: Could not open output pipe '/dev/xconsole':: Permission denied [v8.12.0 try http://www.rsyslog.com/e/2039 ]
Nov  4 19:30:05 l337h4x0r-laptop rsyslogd-2007: action 'action 10' suspended, next retry is Wed Nov  4 19:30:35 2015 [v8.12.0 try http://www.rsyslog.com/e/2007 ]
Nov  4 19:30:05 l337h4x0r-laptop systemd-modules-load[177]: Inserted module 'lp'
Nov  4 19:30:05 l337h4x0r-laptop systemd-modules-load[177]: Inserted module 'ppdev'
Nov  4 19:30:05 l337h4x0r-laptop systemd-modules-load[177]: Inserted module 'parport_pc'
Nov  4 19:30:05 l337h4x0r-laptop systemd[1]: Started udev Kernel Device Manager.
Nov  4 19:30:05 l337h4x0r-laptop systemd[1]: Starting Show Plymouth Boot Screen...
Nov  4 19:30:05 l337h4x0r-laptop systemd[1]: Starting Remount Root and Kernel File Systems...
Nov  4 19:30:05 l337h4x0r-laptop systemd[1]: Started Remount Root and Kernel File Systems.
Nov  4 19:30:05 l337h4x0r-laptop systemd[1]: Reached target Local File Systems (Pre).
Nov  4 19:30:05 l337h4x0r-laptop systemd[1]: Starting Flush Journal to Persistent Storage...
Nov  4 19:30:05 l337h4x0r-laptop systemd[1]: Reached target Local File Systems.
Nov  4 19:30:05 l337h4x0r-laptop systemd[1]: Starting Clean up any mess left by 0dns-up...
Nov  4 19:30:05 l337h4x0r-laptop systemd[1]: Starting LSB: AppArmor initialization...
Nov  4 19:30:05 l337h4x0r-laptop systemd[1]: Starting Set console keymap...
Nov  4 19:30:05 l337h4x0r-laptop systemd[1]: Starting Wait for all "auto" /etc/network/interfaces to be up for network-online.target...
Nov  4 19:30:05 l337h4x0r-laptop systemd[1]: Starting Tell Plymouth To Write Out Runtime Data...
Nov  4 19:30:05 l337h4x0r-laptop systemd[1]: Reached target Remote File Systems.
Nov  4 19:30:05 l337h4x0r-laptop systemd[1]: Starting Load/Save Random Seed...
Nov  4 19:30:05 l337h4x0r-laptop apparmor[222]: * Starting AppArmor profiles
Nov  4 19:30:05 l337h4x0r-laptop systemd[1]: Started Wait for all "auto" /etc/network/interfaces to be up for network-online.target.
Nov  4 19:30:05 l337h4x0r-laptop systemd[1]: Started Tell Plymouth To Write Out Runtime Data.
Nov  4 19:30:05 l337h4x0r-laptop systemd[1]: Started Load/Save Random Seed.
Nov  4 19:30:05 l337h4x0r-laptop systemd[1]: Started Show Plymouth Boot Screen.
Nov  4 19:30:05 l337h4x0r-laptop systemd[1]: Started Clean up any mess left by 0dns-up.
Nov  4 19:30:05 l337h4x0r-laptop systemd[1]: Started Flush Journal to Persistent Storage.
Nov  4 19:30:05 l337h4x0r-laptop systemd[1]: Received SIGRTMIN+20 from PID 213 (plymouthd).
Nov  4 19:30:05 l337h4x0r-laptop systemd[1]: Starting Create Volatile Files and Directories...
Nov  4 19:30:05 l337h4x0r-laptop loadkeys[223]: Loading /etc/console-setup/cached.kmap.gz
Nov  4 19:30:05 l337h4x0r-laptop systemd[1]: Starting Nameserver information manager...
Nov  4 19:30:05 l337h4x0r-laptop systemd[1]: Started Forward Password Requests to Plymouth Directory Watch.
Nov  4 19:30:05 l337h4x0r-laptop systemd-tmpfiles[284]: [/usr/lib/tmpfiles.d/var.conf:14] Duplicate line for path "/var/log", ignoring.
Nov  4 19:30:05 l337h4x0r-laptop systemd[1]: Started Set console keymap.
Nov  4 19:30:05 l337h4x0r-laptop systemd[1]: Started Nameserver information manager.
Nov  4 19:30:05 l337h4x0r-laptop systemd[1]: Started Create Volatile Files and Directories.
Nov  4 19:30:05 l337h4x0r-laptop systemd[1]: Starting Update UTMP about System Boot/Shutdown...
Nov  4 19:30:05 l337h4x0r-laptop systemd[1]: Reached target System Time Synchronized.
Nov  4 19:30:05 l337h4x0r-laptop systemd[1]: Started Update UTMP about System Boot/Shutdown.
Nov  4 19:30:05 l337h4x0r-laptop apparmor[222]: Skipping profile in /etc/apparmor.d/disable: usr.bin.firefox
Nov  4 19:30:05 l337h4x0r-laptop apparmor[222]: Skipping profile in /etc/apparmor.d/disable: usr.sbin.rsyslogd
Nov  4 19:30:05 l337h4x0r-laptop apparmor[222]: ...done.
Nov  4 19:30:05 l337h4x0r-laptop systemd[1]: Started LSB: AppArmor initialization.
Nov  4 19:30:05 l337h4x0r-laptop systemd[1]: Starting LSB: Raise network interfaces....
Nov  4 19:30:05 l337h4x0r-laptop networking[349]: * Configuring network interfaces...
Nov  4 19:30:05 l337h4x0r-laptop networking[349]: ...done.
Nov  4 19:30:05 l337h4x0r-laptop systemd[1]: Started LSB: Raise network interfaces..
Nov  4 19:30:05 l337h4x0r-laptop mtp-probe: checking bus 1, device 2: "/sys/devices/pci0000:00/0000:00:06.0/usb1/1-1"
Nov  4 19:30:05 l337h4x0r-laptop mtp-probe: bus: 1, device: 2 was not an MTP device
Nov  4 19:30:05 l337h4x0r-laptop systemd-udevd[340]: Process '/lib/udev/hdparm' failed with exit code 5.
Nov  4 19:30:05 l337h4x0r-laptop systemd[1]: Found device VBOX_HARDDISK 5.
Nov  4 19:30:05 l337h4x0r-laptop systemd[1]: Activating swap /dev/disk/by-uuid/8691cccb-1b6d-40ff-9723-0180bff3d5fa...
Nov  4 19:30:05 l337h4x0r-laptop systemd[1]: Found device VBOX_HARDDISK 2.
Nov  4 19:30:05 l337h4x0r-laptop systemd[1]: Activating swap /dev/sda2...
Nov  4 19:30:05 l337h4x0r-laptop systemd[1]: Activated swap /dev/disk/by-uuid/8691cccb-1b6d-40ff-9723-0180bff3d5fa.
Nov  4 19:30:05 l337h4x0r-laptop systemd[1]: Activated swap /dev/sda2.
Nov  4 19:30:05 l337h4x0r-laptop systemd[1]: Reached target Swap.
Nov  4 19:30:05 l337h4x0r-laptop systemd[1]: Reached target System Initialization.
Nov  4 19:30:05 l337h4x0r-laptop systemd[1]: Listening on CUPS Scheduler.
Nov  4 19:30:05 l337h4x0r-laptop systemd[1]: Listening on D-Bus System Message Bus Socket.
Nov  4 19:30:05 l337h4x0r-laptop systemd[1]: Starting Restore Sound Card State...
Nov  4 19:30:05 l337h4x0r-laptop systemd[1]: Started CUPS Scheduler.
Nov  4 19:30:05 l337h4x0r-laptop systemd[1]: Started Trigger resolvconf update for networkd DNS.
Nov  4 19:30:05 l337h4x0r-laptop systemd[1]: Reached target Paths.
Nov  4 19:30:05 l337h4x0r-laptop systemd[1]: Starting Console System Startup Logging...
Nov  4 19:30:05 l337h4x0r-laptop systemd[1]: Listening on UUID daemon activation socket.
Nov  4 19:30:05 l337h4x0r-laptop systemd[1]: Reached target Sockets.
Nov  4 19:30:05 l337h4x0r-laptop systemd[1]: Reached target Basic System.
Nov  4 19:30:05 l337h4x0r-laptop systemd[1]: Starting LSB: Set the CPU Frequency Scaling governor to "ondemand"...
Nov  4 19:30:05 l337h4x0r-laptop alsactl[433]: /usr/sbin/alsactl: load_state:1735: No soundcards found...
Nov  4 19:30:05 l337h4x0r-laptop systemd[1]: Starting LSB: daemon to balance interrupts for SMP systems...
Nov  4 19:30:05 l337h4x0r-laptop systemd[1]: Started crash report submission daemon.
Nov  4 19:30:05 l337h4x0r-laptop irqbalance[437]: * Starting SMP IRQ Balancer: irqbalance
Nov  4 19:30:05 l337h4x0r-laptop systemd[1]: Starting Login Service...
Nov  4 19:30:05 l337h4x0r-laptop systemd[1]: Starting LSB: Record successful boot for GRUB...
Nov  4 19:30:05 l337h4x0r-laptop systemd[1]: Starting Permit User Sessions...
Nov  4 19:30:05 l337h4x0r-laptop /usr/sbin/irqbalance: Balancing is ineffective on systems with a single cache domain.  Shutting down
Nov  4 19:30:05 l337h4x0r-laptop irqbalance[437]: ...done.
Nov  4 19:30:05 l337h4x0r-laptop systemd[1]: Started Run anacron jobs.
Nov  4 19:30:05 l337h4x0r-laptop anacron[461]: Anacron 2.3 started on 2015-11-04
Nov  4 19:30:05 l337h4x0r-laptop anacron[461]: Normal exit (0 jobs run)
Nov  4 19:30:05 l337h4x0r-laptop systemd[1]: Starting Modem Manager...
Nov  4 19:30:05 l337h4x0r-laptop systemd[1]: Starting Detect the available GPUs and deal with any system changes...
Nov  4 19:30:05 l337h4x0r-laptop systemd[1]: Starting Accounts Service...
Nov  4 19:30:05 l337h4x0r-laptop systemd[1]: Starting LSB: automatic crash report generation...
Nov  4 19:30:05 l337h4x0r-laptop gpu-manager[469]: /etc/modprobe.d is not a file
Nov  4 19:30:05 l337h4x0r-laptop systemd[1]: Started Regular background program processing daemon.
Nov  4 19:30:05 l337h4x0r-laptop ModemManager[465]: <info>  ModemManager (version 1.4.10) starting in system bus...
Nov  4 19:30:05 l337h4x0r-laptop cron[483]: (CRON) INFO (pidfile fd = 3)
Nov  4 19:30:05 l337h4x0r-laptop gpu-manager[469]: /etc/modprobe.d is not a file
Nov  4 19:30:05 l337h4x0r-laptop cron[483]: (CRON) INFO (Running @reboot jobs)
Nov  4 19:30:05 l337h4x0r-laptop systemd[1]: Started D-Bus System Message Bus.
Nov  4 19:30:05 l337h4x0r-laptop gpu-manager[469]: /etc/modprobe.d is not a file
Nov  4 19:30:05 l337h4x0r-laptop apport[476]: * Starting automatic crash report generation: apport
Nov  4 19:30:05 l337h4x0r-laptop gpu-manager[469]: /etc/modprobe.d is not a file
Nov  4 19:30:05 l337h4x0r-laptop whoopsie[439]: [19:30:05] Using lock path: /var/lock/whoopsie/lock
Nov  4 19:30:05 l337h4x0r-laptop apport[476]: ...done.
Nov  4 19:30:05 l337h4x0r-laptop dbus[489]: [system] AppArmor D-Bus mediation is enabled
Nov  4 19:30:05 l337h4x0r-laptop dbus[489]: [system] Activating systemd to hand-off: service name='org.freedesktop.PolicyKit1' unit='polkitd.service'
Nov  4 19:30:05 l337h4x0r-laptop dbus[489]: [system] Successfully activated service 'org.freedesktop.systemd1'
Nov  4 19:30:05 l337h4x0r-laptop systemd[1]: Starting Restore /etc/resolv.conf if the system crashed before the ppp link was shut down....
Nov  4 19:30:05 l337h4x0r-laptop systemd[1]: Starting Network Manager...
Nov  4 19:30:05 l337h4x0r-laptop systemd[1]: Starting System Logging Service...
Nov  4 19:30:05 l337h4x0r-laptop systemd[1]: Started Daily Cleanup of Temporary Directories.
Nov  4 19:30:05 l337h4x0r-laptop systemd[1]: Reached target Timers.
Nov  4 19:30:05 l337h4x0r-laptop systemd[1]: Started Restore Sound Card State.
Nov  4 19:30:05 l337h4x0r-laptop systemd[1]: Started Console System Startup Logging.
Nov  4 19:30:05 l337h4x0r-laptop systemd[1]: Started LSB: Set the CPU Frequency Scaling governor to "ondemand".
Nov  4 19:30:05 l337h4x0r-laptop systemd[1]: Started LSB: daemon to balance interrupts for SMP systems.
Nov  4 19:30:05 l337h4x0r-laptop systemd[1]: Started LSB: Record successful boot for GRUB.
Nov  4 19:30:05 l337h4x0r-laptop systemd[1]: Started Permit User Sessions.
Nov  4 19:30:05 l337h4x0r-laptop systemd[1]: Started LSB: automatic crash report generation.
Nov  4 19:30:05 l337h4x0r-laptop whoopsie[439]: [19:30:05] Could not get the Network Manager state:
Nov  4 19:30:05 l337h4x0r-laptop whoopsie[439]: [19:30:05] GDBus.Error:org.freedesktop.DBus.Error.ServiceUnknown: The name org.freedesktop.NetworkManager was not provided by any .service files
Nov  4 19:30:05 l337h4x0r-laptop kernel: [    0.000000] Initializing cgroup subsys cpuset
Nov  4 19:30:05 l337h4x0r-laptop kernel: [    0.000000] Initializing cgroup subsys cpu
Nov  4 19:30:05 l337h4x0r-laptop kernel: [    0.000000] Initializing cgroup subsys cpuacct
Nov  4 19:30:05 l337h4x0r-laptop kernel: [    0.000000] Linux version 4.2.0-16-generic (buildd@lgw01-22) (gcc version 5.2.1 20151003 (Ubuntu 5.2.1-21ubuntu2) ) #19-Ubuntu SMP Thu Oct 8 14:46:51 UTC 2015 (Ubuntu 4.2.0-16.19-generic 4.2.3)
Nov  4 19:30:05 l337h4x0r-laptop kernel: [    0.000000] KERNEL supported cpus:
Nov  4 19:30:05 l337h4x0r-laptop kernel: [    0.000000]   Intel GenuineIntel
Nov  4 19:30:05 l337h4x0r-laptop kernel: [    0.000000]   AMD AuthenticAMD
Nov  4 19:30:05 l337h4x0r-laptop kernel: [    0.000000]   NSC Geode by NSC
Nov  4 19:30:05 l337h4x0r-laptop kernel: [    0.000000]   Cyrix CyrixInstead
Nov  4 19:30:05 l337h4x0r-laptop kernel: [    0.000000]   Centaur CentaurHauls
Nov  4 19:30:05 l337h4x0r-laptop kernel: [    0.000000]   Transmeta GenuineTMx86
Nov  4 19:30:05 l337h4x0r-laptop kernel: [    0.000000]   Transmeta TransmetaCPU
Nov  4 19:30:05 l337h4x0r-laptop kernel: [    0.000000]   UMC UMC UMC UMC
Nov  4 19:30:05 l337h4x0r-laptop kernel: [    0.000000] x86/fpu: Legacy x87 FPU detected.
Nov  4 19:30:05 l337h4x0r-laptop kernel: [    0.000000] x86/fpu: Using 'lazy' FPU context switches.
Nov  4 19:30:05 l337h4x0r-laptop kernel: [    0.000000] e820: BIOS-provided physical RAM map:
Nov  4 19:30:05 l337h4x0r-laptop kernel: [    0.000000] BIOS-e820: [mem 0x0000000000000000-0x000000000009fbff] usable
Nov  4 19:30:05 l337h4x0r-laptop kernel: [    0.000000] BIOS-e820: [mem 0x000000000009fc00-0x000000000009ffff] reserved
Nov  4 19:30:05 l337h4x0r-laptop kernel: [    0.000000] BIOS-e820: [mem 0x00000000000f0000-0x00000000000fffff] reserved
Nov  4 19:30:05 l337h4x0r-laptop kernel: [    0.000000] BIOS-e820: [mem 0x0000000000100000-0x000000002ffeffff] usable
Nov  4 19:30:05 l337h4x0r-laptop kernel: [    0.000000] BIOS-e820: [mem 0x000000002fff0000-0x000000002fffffff] ACPI data
Nov  4 19:30:05 l337h4x0r-laptop kernel: [    0.000000] BIOS-e820: [mem 0x00000000fffc0000-0x00000000ffffffff] reserved
Nov  4 19:30:05 l337h4x0r-laptop kernel: [    0.000000] NX (Execute Disable) protection: active
Nov  4 19:30:05 l337h4x0r-laptop kernel: [    0.000000] SMBIOS 2.5 present.
Nov  4 19:30:05 l337h4x0r-laptop kernel: [    0.000000] DMI: innotek GmbH VirtualBox/VirtualBox, BIOS VirtualBox 12/01/2006
Nov  4 19:30:05 l337h4x0r-laptop kernel: [    0.000000] e820: update [mem 0x00000000-0x00000fff] usable ==> reserved
Nov  4 19:30:05 l337h4x0r-laptop kernel: [    0.000000] e820: remove [mem 0x000a0000-0x000fffff] usable
Nov  4 19:30:05 l337h4x0r-laptop kernel: [    0.000000] e820: last_pfn = 0x2fff0 max_arch_pfn = 0x1000000
Nov  4 19:30:05 l337h4x0r-laptop kernel: [    0.000000] MTRR default type: uncachable
Nov  4 19:30:05 l337h4x0r-laptop kernel: [    0.000000] MTRR variable ranges disabled:
Nov  4 19:30:05 l337h4x0r-laptop kernel: [    0.000000] x86/PAT: Configuration [0-7]: WB  WC  UC- UC  WB  WC  UC- WT  
Nov  4 19:30:05 l337h4x0r-laptop kernel: [    0.000000] MTRR: Disabled
Nov  4 19:30:05 l337h4x0r-laptop kernel: [    0.000000] CPU MTRRs all blank - virtualized system.
Nov  4 19:30:05 l337h4x0r-laptop kernel: [    0.000000] Scanning 1 areas for low memory corruption
Nov  4 19:30:05 l337h4x0r-laptop kernel: [    0.000000] initial memory mapped: [mem 0x00000000-0x021fffff]
Nov  4 19:30:05 l337h4x0r-laptop kernel: [    0.000000] Base memory trampoline at [c009b000] 9b000 size 16384
Nov  4 19:30:05 l337h4x0r-laptop kernel: [    0.000000] init_memory_mapping: [mem 0x00000000-0x000fffff]
Nov  4 19:30:05 l337h4x0r-laptop kernel: [    0.000000]  [mem 0x00000000-0x000fffff] page 4k
Nov  4 19:30:05 l337h4x0r-laptop kernel: [    0.000000] init_memory_mapping: [mem 0x2fc00000-0x2fdfffff]
Nov  4 19:30:05 l337h4x0r-laptop kernel: [    0.000000]  [mem 0x2fc00000-0x2fdfffff] page 2M
Nov  4 19:30:05 l337h4x0r-laptop kernel: [    0.000000] init_memory_mapping: [mem 0x20000000-0x2fbfffff]
Nov  4 19:30:05 l337h4x0r-laptop kernel: [    0.000000]  [mem 0x20000000-0x2fbfffff] page 2M
Nov  4 19:30:05 l337h4x0r-laptop kernel: [    0.000000] init_memory_mapping: [mem 0x00100000-0x1fffffff]
Nov  4 19:30:05 l337h4x0r-laptop kernel: [    0.000000]  [mem 0x00100000-0x001fffff] page 4k
Nov  4 19:30:05 l337h4x0r-laptop kernel: [    0.000000]  [mem 0x00200000-0x1fffffff] page 2M
Nov  4 19:30:05 l337h4x0r-laptop kernel: [    0.000000] init_memory_mapping: [mem 0x2fe00000-0x2ffeffff]
Nov  4 19:30:05 l337h4x0r-laptop kernel: [    0.000000]  [mem 0x2fe00000-0x2ffeffff] page 4k
Nov  4 19:30:05 l337h4x0r-laptop kernel: [    0.000000] BRK [0x01cdc000, 0x01cdcfff] PGTABLE
Nov  4 19:30:05 l337h4x0r-laptop kernel: [    0.000000] BRK [0x01cdd000, 0x01cddfff] PGTABLE
Nov  4 19:30:05 l337h4x0r-laptop kernel: [    0.000000] RAMDISK: [mem 0x2d5ce000-0x2f53bfff]
Nov  4 19:30:05 l337h4x0r-laptop kernel: [    0.000000] ACPI: Early table checksum verification disabled
Nov  4 19:30:05 l337h4x0r-laptop kernel: [    0.000000] ACPI: RSDP 0x00000000000E0000 000024 (v02 VBOX  )
Nov  4 19:30:05 l337h4x0r-laptop kernel: [    0.000000] ACPI: XSDT 0x000000002FFF0030 000034 (v01 VBOX   VBOXXSDT 00000001 ASL  00000061)
Nov  4 19:30:05 l337h4x0r-laptop kernel: [    0.000000] ACPI: FACP 0x000000002FFF00F0 0000F4 (v04 VBOX   VBOXFACP 00000001 ASL  00000061)
Nov  4 19:30:05 l337h4x0r-laptop kernel: [    0.000000] ACPI: DSDT 0x000000002FFF0410 001BF1 (v01 VBOX   VBOXBIOS 00000002 INTL 20100528)
Nov  4 19:30:05 l337h4x0r-laptop kernel: [    0.000000] ACPI: FACS 0x000000002FFF0200 000040
Nov  4 19:30:05 l337h4x0r-laptop kernel: [    0.000000] ACPI: FACS 0x000000002FFF0200 000040
Nov  4 19:30:05 l337h4x0r-laptop kernel: [    0.000000] ACPI: SSDT 0x000000002FFF0240 0001CC (v01 VBOX   VBOXCPUT 00000002 INTL 20100528)
Nov  4 19:30:05 l337h4x0r-laptop kernel: [    0.000000] 0MB HIGHMEM available.
Nov  4 19:30:05 l337h4x0r-laptop kernel: [    0.000000] 767MB LOWMEM available.
Nov  4 19:30:05 l337h4x0r-laptop kernel: [    0.000000]   mapped low ram: 0 - 2fff0000
Nov  4 19:30:05 l337h4x0r-laptop kernel: [    0.000000]   low ram: 0 - 2fff0000
Nov  4 19:30:05 l337h4x0r-laptop kernel: [    0.000000] Zone ranges:
Nov  4 19:30:05 l337h4x0r-laptop kernel: [    0.000000]   DMA      [mem 0x0000000000001000-0x0000000000ffffff]
Nov  4 19:30:05 l337h4x0r-laptop kernel: [    0.000000]   Normal   [mem 0x0000000001000000-0x000000002ffeffff]
Nov  4 19:30:05 l337h4x0r-laptop kernel: [    0.000000]   HighMem  empty
Nov  4 19:30:05 l337h4x0r-laptop kernel: [    0.000000] Movable zone start for each node
Nov  4 19:30:05 l337h4x0r-laptop kernel: [    0.000000] Early memory node ranges
Nov  4 19:30:05 l337h4x0r-laptop kernel: [    0.000000]   node   0: [mem 0x0000000000001000-0x000000000009efff]
Nov  4 19:30:05 l337h4x0r-laptop kernel: [    0.000000]   node   0: [mem 0x0000000000100000-0x000000002ffeffff]
Nov  4 19:30:05 l337h4x0r-laptop kernel: [    0.000000] Initmem setup node 0 [mem 0x0000000000001000-0x000000002ffeffff]
Nov  4 19:30:05 l337h4x0r-laptop kernel: [    0.000000] On node 0 totalpages: 196494
Nov  4 19:30:05 l337h4x0r-laptop kernel: [    0.000000]   DMA zone: 40 pages used for memmap
Nov  4 19:30:05 l337h4x0r-laptop kernel: [    0.000000]   DMA zone: 0 pages reserved
Nov  4 19:30:05 l337h4x0r-laptop kernel: [    0.000000]   DMA zone: 3998 pages, LIFO batch:0
Nov  4 19:30:05 l337h4x0r-laptop kernel: [    0.000000]   Normal zone: 1880 pages used for memmap
Nov  4 19:30:05 l337h4x0r-laptop kernel: [    0.000000]   Normal zone: 192496 pages, LIFO batch:31
Nov  4 19:30:05 l337h4x0r-laptop kernel: [    0.000000] Using APIC driver default
Nov  4 19:30:05 l337h4x0r-laptop kernel: [    0.000000] ACPI: PM-Timer IO Port: 0x4008
Nov  4 19:30:05 l337h4x0r-laptop kernel: [    0.000000] smpboot: Allowing 1 CPUs, 0 hotplug CPUs
Nov  4 19:30:05 l337h4x0r-laptop kernel: [    0.000000] Found and enabled local APIC!
Nov  4 19:30:05 l337h4x0r-laptop kernel: [    0.000000] PM: Registered nosave memory: [mem 0x00000000-0x00000fff]
Nov  4 19:30:05 l337h4x0r-laptop kernel: [    0.000000] PM: Registered nosave memory: [mem 0x0009f000-0x0009ffff]
Nov  4 19:30:05 l337h4x0r-laptop kernel: [    0.000000] PM: Registered nosave memory: [mem 0x000a0000-0x000effff]
Nov  4 19:30:05 l337h4x0r-laptop kernel: [    0.000000] PM: Registered nosave memory: [mem 0x000f0000-0x000fffff]
Nov  4 19:30:05 l337h4x0r-laptop kernel: [    0.000000] e820: [mem 0x30000000-0xfffbffff] available for PCI devices
Nov  4 19:30:05 l337h4x0r-laptop kernel: [    0.000000] Booting paravirtualized kernel on bare hardware
Nov  4 19:30:05 l337h4x0r-laptop kernel: [    0.000000] clocksource: refined-jiffies: mask: 0xffffffff max_cycles: 0xffffffff, max_idle_ns: 7645519600211568 ns
Nov  4 19:30:05 l337h4x0r-laptop kernel: [    0.000000] setup_percpu: NR_CPUS:8 nr_cpumask_bits:8 nr_cpu_ids:1 nr_node_ids:1
Nov  4 19:30:05 l337h4x0r-laptop kernel: [    0.000000] PERCPU: Embedded 19 pages/cpu @ef5c2000 s47116 r0 d30708 u77824
Nov  4 19:30:05 l337h4x0r-laptop kernel: [    0.000000] pcpu-alloc: s47116 r0 d30708 u77824 alloc=19*4096
Nov  4 19:30:05 l337h4x0r-laptop kernel: [    0.000000] pcpu-alloc: [0] 0 
Nov  4 19:30:05 l337h4x0r-laptop kernel: [    0.000000] Built 1 zonelists in Zone order, mobility grouping on.  Total pages: 194574
Nov  4 19:30:05 l337h4x0r-laptop kernel: [    0.000000] Kernel command line: BOOT_IMAGE=/boot/vmlinuz-4.2.0-16-generic root=UUID=20f07ba8-5240-46cb-a94e-e009cd452c80 ro quiet splash
Nov  4 19:30:05 l337h4x0r-laptop kernel: [    0.000000] PID hash table entries: 4096 (order: 2, 16384 bytes)
Nov  4 19:30:05 l337h4x0r-laptop kernel: [    0.000000] Dentry cache hash table entries: 131072 (order: 7, 524288 bytes)
Nov  4 19:30:05 l337h4x0r-laptop kernel: [    0.000000] Inode-cache hash table entries: 65536 (order: 6, 262144 bytes)
Nov  4 19:30:05 l337h4x0r-laptop kernel: [    0.000000] Initializing CPU#0
Nov  4 19:30:05 l337h4x0r-laptop kernel: [    0.000000] Initializing HighMem for node 0 (00000000:00000000)
Nov  4 19:30:05 l337h4x0r-laptop kernel: [    0.000000] Memory: 729320K/785976K available (7574K kernel code, 738K rwdata, 3020K rodata, 928K init, 796K bss, 56656K reserved, 0K cma-reserved, 0K highmem)
Nov  4 19:30:05 l337h4x0r-laptop kernel: [    0.000000] virtual kernel memory layout:
Nov  4 19:30:05 l337h4x0r-laptop kernel: [    0.000000]     fixmap  : 0xfff15000 - 0xfffff000   ( 936 kB)
Nov  4 19:30:05 l337h4x0r-laptop kernel: [    0.000000]     pkmap   : 0xffc00000 - 0xffe00000   (2048 kB)
Nov  4 19:30:05 l337h4x0r-laptop kernel: [    0.000000]     vmalloc : 0xf07f0000 - 0xffbfe000   ( 244 MB)
Nov  4 19:30:05 l337h4x0r-laptop kernel: [    0.000000]     lowmem  : 0xc0000000 - 0xefff0000   ( 767 MB)
Nov  4 19:30:05 l337h4x0r-laptop kernel: [    0.000000]       .init : 0xc1b14000 - 0xc1bfc000   ( 928 kB)
Nov  4 19:30:05 l337h4x0r-laptop kernel: [    0.000000]       .data : 0xc1765bf0 - 0xc1b12a40   (3763 kB)
Nov  4 19:30:05 l337h4x0r-laptop kernel: [    0.000000]       .text : 0xc1000000 - 0xc1765bf0   (7574 kB)
Nov  4 19:30:05 l337h4x0r-laptop kernel: [    0.000000] Checking if this processor honours the WP bit even in supervisor mode...Ok.
Nov  4 19:30:05 l337h4x0r-laptop kernel: [    0.000000] SLUB: HWalign=64, Order=0-3, MinObjects=0, CPUs=1, Nodes=1
Nov  4 19:30:05 l337h4x0r-laptop kernel: [    0.000000] Hierarchical RCU implementation.
Nov  4 19:30:05 l337h4x0r-laptop kernel: [    0.000000] 	Build-time adjustment of leaf fanout to 32.
Nov  4 19:30:05 l337h4x0r-laptop kernel: [    0.000000] 	RCU restricting CPUs from NR_CPUS=8 to nr_cpu_ids=1.
Nov  4 19:30:05 l337h4x0r-laptop kernel: [    0.000000] RCU: Adjusting geometry for rcu_fanout_leaf=32, nr_cpu_ids=1
Nov  4 19:30:05 l337h4x0r-laptop kernel: [    0.000000] NR_IRQS:2304 nr_irqs:32 16
Nov  4 19:30:05 l337h4x0r-laptop kernel: [    0.000000] CPU 0 irqstacks, hard=ed032000 soft=ed034000
Nov  4 19:30:05 l337h4x0r-laptop kernel: [    0.000000] Console: colour VGA+ 80x25
Nov  4 19:30:05 l337h4x0r-laptop kernel: [    0.000000] console [tty0] enabled
Nov  4 19:30:05 l337h4x0r-laptop kernel: [    0.000000] tsc: Fast TSC calibration using PIT
Nov  4 19:30:05 l337h4x0r-laptop kernel: [    0.000000] tsc: Detected 1701.339 MHz processor
Nov  4 19:30:05 l337h4x0r-laptop kernel: [    0.004023] Calibrating delay loop (skipped), value calculated using timer frequency.. 3402.67 BogoMIPS (lpj=6805356)
Nov  4 19:30:05 l337h4x0r-laptop kernel: [    0.004026] pid_max: default: 32768 minimum: 301
Nov  4 19:30:05 l337h4x0r-laptop kernel: [    0.004036] ACPI: Core revision 20150619
Nov  4 19:30:05 l337h4x0r-laptop kernel: [    0.004927] ACPI: All ACPI Tables successfully acquired
Nov  4 19:30:05 l337h4x0r-laptop systemd[1]: Started Restore /etc/resolv.conf if the system crashed before the ppp link was shut down..
Nov  4 19:30:05 l337h4x0r-laptop systemd[1]: Started System Logging Service.
Nov  4 19:30:05 l337h4x0r-laptop kernel: [    0.004937] ACPI: setting ELCR to 0200 (from 0e00)
Nov  4 19:30:05 l337h4x0r-laptop kernel: [    0.004953] Security Framework initialized
Nov  4 19:30:05 l337h4x0r-laptop kernel: [    0.004962] AppArmor: AppArmor initialized
Nov  4 19:30:05 l337h4x0r-laptop kernel: [    0.004963] Yama: becoming mindful.
Nov  4 19:30:05 l337h4x0r-laptop kernel: [    0.004995] Mount-cache hash table entries: 2048 (order: 1, 8192 bytes)
Nov  4 19:30:05 l337h4x0r-laptop kernel: [    0.004997] Mountpoint-cache hash table entries: 2048 (order: 1, 8192 bytes)
Nov  4 19:30:05 l337h4x0r-laptop kernel: [    0.005216] Initializing cgroup subsys blkio
Nov  4 19:30:05 l337h4x0r-laptop kernel: [    0.005219] Initializing cgroup subsys memory
Nov  4 19:30:05 l337h4x0r-laptop kernel: [    0.005225] Initializing cgroup subsys devices
Nov  4 19:30:05 l337h4x0r-laptop kernel: [    0.005227] Initializing cgroup subsys freezer
Nov  4 19:30:05 l337h4x0r-laptop kernel: [    0.005229] Initializing cgroup subsys net_cls
Nov  4 19:30:05 l337h4x0r-laptop kernel: [    0.005231] Initializing cgroup subsys perf_event
Nov  4 19:30:05 l337h4x0r-laptop kernel: [    0.005233] Initializing cgroup subsys net_prio
Nov  4 19:30:05 l337h4x0r-laptop kernel: [    0.005235] Initializing cgroup subsys hugetlb
Nov  4 19:30:05 l337h4x0r-laptop kernel: [    0.005322] mce: CPU supports 0 MCE banks
Nov  4 19:30:05 l337h4x0r-laptop kernel: [    0.005346] process: using mwait in idle threads
Nov  4 19:30:05 l337h4x0r-laptop kernel: [    0.005354] Last level iTLB entries: 4KB 512, 2MB 8, 4MB 8
Nov  4 19:30:05 l337h4x0r-laptop kernel: [    0.005356] Last level dTLB entries: 4KB 512, 2MB 32, 4MB 32, 1GB 0
Nov  4 19:30:05 l337h4x0r-laptop kernel: [    0.032641] Freeing SMP alternatives memory: 28K (c1bfc000 - c1c03000)
Nov  4 19:30:05 l337h4x0r-laptop kernel: [    0.043555] ftrace: allocating 30215 entries in 60 pages
Nov  4 19:30:05 l337h4x0r-laptop kernel: [    0.053576] smpboot: weird, boot CPU (#0) not listed by the BIOS
Nov  4 19:30:05 l337h4x0r-laptop kernel: [    0.053617] smpboot: SMP motherboard not detected
Nov  4 19:30:05 l337h4x0r-laptop kernel: [    0.053643] smpboot: SMP disabled
Nov  4 19:30:05 l337h4x0r-laptop kernel: [    0.053666] Enabling APIC mode:  Flat.  Using 0 I/O APICs
Nov  4 19:30:05 l337h4x0r-laptop kernel: [    0.056000] Performance Events: unsupported p6 CPU model 58 no PMU driver, software events only.
Nov  4 19:30:05 l337h4x0r-laptop kernel: [    0.056000] x86: Booted up 1 node, 1 CPUs
Nov  4 19:30:05 l337h4x0r-laptop kernel: [    0.056000] smpboot: Total of 1 processors activated (3402.67 BogoMIPS)
Nov  4 19:30:05 l337h4x0r-laptop kernel: [    0.056000] devtmpfs: initialized
Nov  4 19:30:05 l337h4x0r-laptop kernel: [    0.056000] evm: security.selinux
Nov  4 19:30:05 l337h4x0r-laptop kernel: [    0.056000] evm: security.SMACK64
Nov  4 19:30:05 l337h4x0r-laptop kernel: [    0.056000] evm: security.SMACK64EXEC
Nov  4 19:30:05 l337h4x0r-laptop kernel: [    0.056000] evm: security.SMACK64TRANSMUTE
Nov  4 19:30:05 l337h4x0r-laptop kernel: [    0.056000] evm: security.SMACK64MMAP
Nov  4 19:30:05 l337h4x0r-laptop kernel: [    0.056000] evm: security.ima
Nov  4 19:30:05 l337h4x0r-laptop kernel: [    0.056000] evm: security.capability
Nov  4 19:30:05 l337h4x0r-laptop kernel: [    0.056000] NMI watchdog: disabled (cpu0): hardware events not enabled
Nov  4 19:30:05 l337h4x0r-laptop kernel: [    0.056000] NMI watchdog: Shutting down hard lockup detector on all cpus
Nov  4 19:30:05 l337h4x0r-laptop kernel: [    0.056000] clocksource: jiffies: mask: 0xffffffff max_cycles: 0xffffffff, max_idle_ns: 7645041785100000 ns
Nov  4 19:30:05 l337h4x0r-laptop kernel: [    0.056000] pinctrl core: initialized pinctrl subsystem
Nov  4 19:30:05 l337h4x0r-laptop kernel: [    0.056000] RTC time:  1:29:59, date: 11/05/15
Nov  4 19:30:05 l337h4x0r-laptop kernel: [    0.056000] NET: Registered protocol family 16
Nov  4 19:30:05 l337h4x0r-laptop kernel: [    0.056000] EISA bus registered
Nov  4 19:30:05 l337h4x0r-laptop kernel: [    0.056000] cpuidle: using governor ladder
Nov  4 19:30:05 l337h4x0r-laptop kernel: [    0.056000] cpuidle: using governor menu
Nov  4 19:30:05 l337h4x0r-laptop kernel: [    0.056000] ACPI: bus type PCI registered
Nov  4 19:30:05 l337h4x0r-laptop kernel: [    0.056000] acpiphp: ACPI Hot Plug PCI Controller Driver version: 0.5
Nov  4 19:30:05 l337h4x0r-laptop kernel: [    0.056040] PCI : PCI BIOS area is rw and x. Use pci=nobios if you want it NX.
Nov  4 19:30:05 l337h4x0r-laptop kernel: [    0.056048] PCI: PCI BIOS revision 2.10 entry at 0xfda26, last bus=0
Nov  4 19:30:05 l337h4x0r-laptop kernel: [    0.056050] PCI: Using configuration type 1 for base access
Nov  4 19:30:05 l337h4x0r-laptop kernel: [    0.058174] ACPI: Added _OSI(Module Device)
Nov  4 19:30:05 l337h4x0r-laptop kernel: [    0.058177] ACPI: Added _OSI(Processor Device)
Nov  4 19:30:05 l337h4x0r-laptop kernel: [    0.058179] ACPI: Added _OSI(3.0 _SCP Extensions)
Nov  4 19:30:05 l337h4x0r-laptop kernel: [    0.058180] ACPI: Added _OSI(Processor Aggregator Device)
Nov  4 19:30:05 l337h4x0r-laptop kernel: [    0.059047] ACPI: Executed 1 blocks of module-level executable AML code
Nov  4 19:30:05 l337h4x0r-laptop kernel: [    0.061531] ACPI: Interpreter enabled
Nov  4 19:30:05 l337h4x0r-laptop kernel: [    0.061553] ACPI Exception: AE_NOT_FOUND, While evaluating Sleep State [\_S1_] (20150619/hwxface-580)
Nov  4 19:30:05 l337h4x0r-laptop kernel: [    0.061564] ACPI Exception: AE_NOT_FOUND, While evaluating Sleep State [\_S2_] (20150619/hwxface-580)
Nov  4 19:30:05 l337h4x0r-laptop kernel: [    0.061573] ACPI Exception: AE_NOT_FOUND, While evaluating Sleep State [\_S3_] (20150619/hwxface-580)
Nov  4 19:30:05 l337h4x0r-laptop kernel: [    0.061583] ACPI Exception: AE_NOT_FOUND, While evaluating Sleep State [\_S4_] (20150619/hwxface-580)
Nov  4 19:30:05 l337h4x0r-laptop kernel: [    0.061594] ACPI: (supports S0 S5)
Nov  4 19:30:05 l337h4x0r-laptop kernel: [    0.061601] ACPI: Using PIC for interrupt routing
Nov  4 19:30:05 l337h4x0r-laptop kernel: [    0.061784] PCI: Using host bridge windows from ACPI; if necessary, use "pci=nocrs" and report a bug
Nov  4 19:30:05 l337h4x0r-laptop kernel: [    0.065770] ACPI: PCI Root Bridge [PCI0] (domain 0000 [bus 00-ff])
Nov  4 19:30:05 l337h4x0r-laptop kernel: [    0.065779] acpi PNP0A03:00: _OSC: OS supports [ASPM ClockPM Segments MSI]
Nov  4 19:30:05 l337h4x0r-laptop kernel: [    0.065786] acpi PNP0A03:00: _OSC failed (AE_NOT_FOUND); disabling ASPM
Nov  4 19:30:05 l337h4x0r-laptop kernel: [    0.065851] acpi PNP0A03:00: fail to add MMCONFIG information, can't access extended PCI configuration space under this bridge.
Nov  4 19:30:05 l337h4x0r-laptop kernel: [    0.066147] PCI host bridge to bus 0000:00
Nov  4 19:30:05 l337h4x0r-laptop kernel: [    0.066150] pci_bus 0000:00: root bus resource [bus 00-ff]
Nov  4 19:30:05 l337h4x0r-laptop kernel: [    0.066153] pci_bus 0000:00: root bus resource [io  0x0000-0x0cf7 window]
Nov  4 19:30:05 l337h4x0r-laptop kernel: [    0.066155] pci_bus 0000:00: root bus resource [io  0x0d00-0xffff window]
Nov  4 19:30:05 l337h4x0r-laptop kernel: [    0.066157] pci_bus 0000:00: root bus resource [mem 0x000a0000-0x000bffff window]
Nov  4 19:30:05 l337h4x0r-laptop kernel: [    0.066159] pci_bus 0000:00: root bus resource [mem 0x30000000-0xffdfffff window]
Nov  4 19:30:05 l337h4x0r-laptop kernel: [    0.066218] pci 0000:00:00.0: [8086:1237] type 00 class 0x060000
Nov  4 19:30:05 l337h4x0r-laptop kernel: [    0.066948] pci 0000:00:01.0: [8086:7000] type 00 class 0x060100
Nov  4 19:30:05 l337h4x0r-laptop kernel: [    0.067886] pci 0000:00:01.1: [8086:7111] type 00 class 0x01018a
Nov  4 19:30:05 l337h4x0r-laptop kernel: [    0.068518] pci 0000:00:01.1: reg 0x20: [io  0xd000-0xd00f]
Nov  4 19:30:05 l337h4x0r-laptop kernel: [    0.068771] pci 0000:00:01.1: legacy IDE quirk: reg 0x10: [io  0x01f0-0x01f7]
Nov  4 19:30:05 l337h4x0r-laptop kernel: [    0.068773] pci 0000:00:01.1: legacy IDE quirk: reg 0x14: [io  0x03f6]
Nov  4 19:30:05 l337h4x0r-laptop kernel: [    0.068775] pci 0000:00:01.1: legacy IDE quirk: reg 0x18: [io  0x0170-0x0177]
Nov  4 19:30:05 l337h4x0r-laptop kernel: [    0.068776] pci 0000:00:01.1: legacy IDE quirk: reg 0x1c: [io  0x0376]
Nov  4 19:30:05 l337h4x0r-laptop kernel: [    0.069057] pci 0000:00:02.0: [80ee:beef] type 00 class 0x030000
Nov  4 19:30:05 l337h4x0r-laptop kernel: [    0.071439] pci 0000:00:02.0: reg 0x10: [mem 0xe0000000-0xe0ffffff pref]
Nov  4 19:30:05 l337h4x0r-laptop kernel: [    0.078310] pci 0000:00:03.0: [8086:100e] type 00 class 0x020000
Nov  4 19:30:05 l337h4x0r-laptop kernel: [    0.079160] pci 0000:00:03.0: reg 0x10: [mem 0xf0000000-0xf001ffff]
Nov  4 19:30:05 l337h4x0r-laptop kernel: [    0.080160] pci 0000:00:03.0: reg 0x18: [io  0xd010-0xd017]
Nov  4 19:30:05 l337h4x0r-laptop kernel: [    0.084300] pci 0000:00:04.0: [80ee:cafe] type 00 class 0x088000
Nov  4 19:30:05 l337h4x0r-laptop kernel: [    0.084969] pci 0000:00:04.0: reg 0x10: [io  0xd020-0xd03f]
Nov  4 19:30:05 l337h4x0r-laptop kernel: [    0.085569] pci 0000:00:04.0: reg 0x14: [mem 0xf0400000-0xf07fffff]
Nov  4 19:30:05 l337h4x0r-laptop kernel: [    0.086131] pci 0000:00:04.0: reg 0x18: [mem 0xf0800000-0xf0803fff pref]
Nov  4 19:30:05 l337h4x0r-laptop kernel: [    0.088570] pci 0000:00:05.0: [8086:2415] type 00 class 0x040100
Nov  4 19:30:05 l337h4x0r-laptop kernel: [    0.088740] pci 0000:00:05.0: reg 0x10: [io  0xd100-0xd1ff]
Nov  4 19:30:05 l337h4x0r-laptop kernel: [    0.088847] pci 0000:00:05.0: reg 0x14: [io  0xd200-0xd23f]
Nov  4 19:30:05 l337h4x0r-laptop kernel: [    0.089616] pci 0000:00:06.0: [106b:003f] type 00 class 0x0c0310
Nov  4 19:30:05 l337h4x0r-laptop kernel: [    0.090311] pci 0000:00:06.0: reg 0x10: [mem 0xf0804000-0xf0804fff]
Nov  4 19:30:05 l337h4x0r-laptop kernel: [    0.093735] pci 0000:00:07.0: [8086:7113] type 00 class 0x068000
Nov  4 19:30:05 l337h4x0r-laptop kernel: [    0.094933] pci 0000:00:0d.0: [8086:2829] type 00 class 0x010601
Nov  4 19:30:05 l337h4x0r-laptop kernel: [    0.095724] pci 0000:00:0d.0: reg 0x10: [io  0xd240-0xd247]
Nov  4 19:30:05 l337h4x0r-laptop kernel: [    0.096669] pci 0000:00:0d.0: reg 0x18: [io  0xd250-0xd257]
Nov  4 19:30:05 l337h4x0r-laptop kernel: [    0.097624] pci 0000:00:0d.0: reg 0x20: [io  0xd260-0xd26f]
Nov  4 19:30:05 l337h4x0r-laptop kernel: [    0.098122] pci 0000:00:0d.0: reg 0x24: [mem 0xf0806000-0xf0807fff]
Nov  4 19:30:05 l337h4x0r-laptop kernel: [    0.099129] pci_bus 0000:00: on NUMA node 0
Nov  4 19:30:05 l337h4x0r-laptop kernel: [    0.101837] ACPI: PCI Interrupt Link [LNKA] (IRQs 5 9 10 *11)
Nov  4 19:30:05 l337h4x0r-laptop kernel: [    0.102317] ACPI: PCI Interrupt Link [LNKB] (IRQs 5 9 10 *11)
Nov  4 19:30:05 l337h4x0r-laptop kernel: [    0.102532] ACPI: PCI Interrupt Link [LNKC] (IRQs 5 9 *10 11)
Nov  4 19:30:05 l337h4x0r-laptop kernel: [    0.102747] ACPI: PCI Interrupt Link [LNKD] (IRQs 5 *9 10 11)
Nov  4 19:30:05 l337h4x0r-laptop kernel: [    0.103151] ACPI: Enabled 2 GPEs in block 00 to 07
Nov  4 19:30:05 l337h4x0r-laptop kernel: [    0.103456] vgaarb: setting as boot device: PCI:0000:00:02.0
Nov  4 19:30:05 l337h4x0r-laptop kernel: [    0.103456] vgaarb: device added: PCI:0000:00:02.0,decodes=io+mem,owns=io+mem,locks=none
Nov  4 19:30:05 l337h4x0r-laptop kernel: [    0.103456] vgaarb: loaded
Nov  4 19:30:05 l337h4x0r-laptop kernel: [    0.103456] vgaarb: bridge control possible 0000:00:02.0
Nov  4 19:30:05 l337h4x0r-laptop kernel: [    0.104127] SCSI subsystem initialized
Nov  4 19:30:05 l337h4x0r-laptop kernel: [    0.104214] libata version 3.00 loaded.
Nov  4 19:30:05 l337h4x0r-laptop kernel: [    0.104266] ACPI: bus type USB registered
Nov  4 19:30:05 l337h4x0r-laptop kernel: [    0.104303] usbcore: registered new interface driver usbfs
Nov  4 19:30:05 l337h4x0r-laptop kernel: [    0.104320] usbcore: registered new interface driver hub
Nov  4 19:30:05 l337h4x0r-laptop kernel: [    0.104337] usbcore: registered new device driver usb
Nov  4 19:30:05 l337h4x0r-laptop kernel: [    0.104604] PCI: Using ACPI for IRQ routing
Nov  4 19:30:05 l337h4x0r-laptop kernel: [    0.104607] PCI: pci_cache_line_size set to 64 bytes
Nov  4 19:30:05 l337h4x0r-laptop kernel: [    0.105035] e820: reserve RAM buffer [mem 0x0009fc00-0x0009ffff]
Nov  4 19:30:05 l337h4x0r-laptop kernel: [    0.105046] e820: reserve RAM buffer [mem 0x2fff0000-0x2fffffff]
Nov  4 19:30:05 l337h4x0r-laptop kernel: [    0.105289] NetLabel: Initializing
Nov  4 19:30:05 l337h4x0r-laptop kernel: [    0.105291] NetLabel:  domain hash size = 128
Nov  4 19:30:05 l337h4x0r-laptop kernel: [    0.105293] NetLabel:  protocols = UNLABELED CIPSOv4
Nov  4 19:30:05 l337h4x0r-laptop kernel: [    0.105315] NetLabel:  unlabeled traffic allowed by default
Nov  4 19:30:05 l337h4x0r-laptop kernel: [    0.105560] clocksource: Switched to clocksource refined-jiffies
Nov  4 19:30:05 l337h4x0r-laptop kernel: [    0.112134] AppArmor: AppArmor Filesystem Enabled
Nov  4 19:30:05 l337h4x0r-laptop kernel: [    0.112216] pnp: PnP ACPI init
Nov  4 19:30:05 l337h4x0r-laptop kernel: [    0.112278] pnp 00:00: Plug and Play ACPI device, IDs PNP0303 (active)
Nov  4 19:30:05 l337h4x0r-laptop kernel: [    0.112353] pnp 00:01: Plug and Play ACPI device, IDs PNP0f03 (active)
Nov  4 19:30:05 l337h4x0r-laptop kernel: [    0.112377] pnp 00:02: Plug and Play ACPI device, IDs PNP0400 (active)
Nov  4 19:30:05 l337h4x0r-laptop kernel: [    0.113222] pnp: PnP ACPI: found 3 devices
Nov  4 19:30:05 l337h4x0r-laptop kernel: [    0.113228] PnPBIOS: Disabled by ACPI PNP
Nov  4 19:30:05 l337h4x0r-laptop kernel: [    0.149392] clocksource: acpi_pm: mask: 0xffffff max_cycles: 0xffffff, max_idle_ns: 2085701024 ns
Nov  4 19:30:05 l337h4x0r-laptop kernel: [    0.149411] clocksource: Switched to clocksource acpi_pm
Nov  4 19:30:05 l337h4x0r-laptop kernel: [    0.149429] pci_bus 0000:00: resource 4 [io  0x0000-0x0cf7 window]
Nov  4 19:30:05 l337h4x0r-laptop kernel: [    0.149431] pci_bus 0000:00: resource 5 [io  0x0d00-0xffff window]
Nov  4 19:30:05 l337h4x0r-laptop kernel: [    0.149433] pci_bus 0000:00: resource 6 [mem 0x000a0000-0x000bffff window]
Nov  4 19:30:05 l337h4x0r-laptop kernel: [    0.149435] pci_bus 0000:00: resource 7 [mem 0x30000000-0xffdfffff window]
Nov  4 19:30:05 l337h4x0r-laptop kernel: [    0.149471] NET: Registered protocol family 2
Nov  4 19:30:05 l337h4x0r-laptop kernel: [    0.149669] TCP established hash table entries: 8192 (order: 3, 32768 bytes)
Nov  4 19:30:05 l337h4x0r-laptop kernel: [    0.149678] TCP bind hash table entries: 8192 (order: 4, 65536 bytes)
Nov  4 19:30:05 l337h4x0r-laptop kernel: [    0.149692] TCP: Hash tables configured (established 8192 bind 8192)
Nov  4 19:30:05 l337h4x0r-laptop kernel: [    0.149710] UDP hash table entries: 512 (order: 2, 16384 bytes)
Nov  4 19:30:05 l337h4x0r-laptop kernel: [    0.149714] UDP-Lite hash table entries: 512 (order: 2, 16384 bytes)
Nov  4 19:30:05 l337h4x0r-laptop kernel: [    0.149743] NET: Registered protocol family 1
Nov  4 19:30:05 l337h4x0r-laptop kernel: [    0.149757] pci 0000:00:00.0: Limiting direct PCI/PCI transfers
Nov  4 19:30:05 l337h4x0r-laptop kernel: [    0.149798] pci 0000:00:01.0: Activating ISA DMA hang workarounds
Nov  4 19:30:05 l337h4x0r-laptop kernel: [    0.149840] pci 0000:00:02.0: Video device with shadowed ROM
Nov  4 19:30:05 l337h4x0r-laptop kernel: [    0.150542] ACPI: PCI Interrupt Link [LNKB] enabled at IRQ 11
Nov  4 19:30:05 l337h4x0r-laptop kernel: [    0.150544] PCI: setting IRQ 11 as level-triggered
Nov  4 19:30:05 l337h4x0r-laptop kernel: [    0.151284] PCI: CLS 0 bytes, default 64
Nov  4 19:30:05 l337h4x0r-laptop kernel: [    0.151360] Trying to unpack rootfs image as initramfs...
Nov  4 19:30:05 l337h4x0r-laptop kernel: [    0.789839] Freeing initrd memory: 32184K (ed5ce000 - ef53c000)
Nov  4 19:30:05 l337h4x0r-laptop kernel: [    0.790001] platform rtc_cmos: registered platform RTC device (no PNP device found)
Nov  4 19:30:05 l337h4x0r-laptop kernel: [    0.790024] RAPL PMU detected, API unit is 2^-32 Joules, 3 fixed counters 10737418240 ms ovfl timer
Nov  4 19:30:05 l337h4x0r-laptop kernel: [    0.790025] hw unit of domain pp0-core 2^-0 Joules
Nov  4 19:30:05 l337h4x0r-laptop kernel: [    0.790026] hw unit of domain package 2^-0 Joules
Nov  4 19:30:05 l337h4x0r-laptop kernel: [    0.790027] hw unit of domain pp1-gpu 2^-0 Joules
Nov  4 19:30:05 l337h4x0r-laptop kernel: [    0.790066] microcode: CPU0 sig=0x306a9, pf=0x2, revision=0x19
Nov  4 19:30:05 l337h4x0r-laptop kernel: [    0.790114] microcode: Microcode Update Driver: v2.00 <tigran@aivazian.fsnet.co.uk>, Peter Oruba
Nov  4 19:30:05 l337h4x0r-laptop kernel: [    0.790193] Scanning for low memory corruption every 60 seconds
Nov  4 19:30:05 l337h4x0r-laptop kernel: [    0.790414] futex hash table entries: 256 (order: 2, 16384 bytes)
Nov  4 19:30:05 l337h4x0r-laptop kernel: [    0.790425] Initialise system trusted keyring
Nov  4 19:30:05 l337h4x0r-laptop kernel: [    0.790449] audit: initializing netlink subsys (disabled)
Nov  4 19:30:05 l337h4x0r-laptop kernel: [    0.790464] audit: type=2000 audit(1446686999.787:1): initialized
Nov  4 19:30:05 l337h4x0r-laptop kernel: [    0.790713] HugeTLB registered 2 MB page size, pre-allocated 0 pages
Nov  4 19:30:05 l337h4x0r-laptop kernel: [    0.792394] zpool: loaded
Nov  4 19:30:05 l337h4x0r-laptop kernel: [    0.792396] zbud: loaded
Nov  4 19:30:05 l337h4x0r-laptop kernel: [    0.792466] VFS: Disk quotas dquot_6.6.0
Nov  4 19:30:05 l337h4x0r-laptop kernel: [    0.792496] VFS: Dquot-cache hash table entries: 1024 (order 0, 4096 bytes)
Nov  4 19:30:05 l337h4x0r-laptop kernel: [    0.792908] fuse init (API version 7.23)
Nov  4 19:30:05 l337h4x0r-laptop kernel: [    0.793065] Key type big_key registered
Nov  4 19:30:05 l337h4x0r-laptop kernel: [    0.793314] Key type asymmetric registered
Nov  4 19:30:05 l337h4x0r-laptop kernel: [    0.793320] Asymmetric key parser 'x509' registered
Nov  4 19:30:05 l337h4x0r-laptop kernel: [    0.793335] bounce: pool size: 64 pages
Nov  4 19:30:05 l337h4x0r-laptop kernel: [    0.793365] Block layer SCSI generic (bsg) driver version 0.4 loaded (major 249)
Nov  4 19:30:05 l337h4x0r-laptop kernel: [    0.793395] io scheduler noop registered
Nov  4 19:30:05 l337h4x0r-laptop kernel: [    0.793398] io scheduler deadline registered (default)
Nov  4 19:30:05 l337h4x0r-laptop kernel: [    0.793429] io scheduler cfq registered
Nov  4 19:30:05 l337h4x0r-laptop kernel: [    0.793517] pci_hotplug: PCI Hot Plug PCI Core version: 0.5
Nov  4 19:30:05 l337h4x0r-laptop kernel: [    0.793524] pciehp: PCI Express Hot Plug Controller Driver version: 0.4
Nov  4 19:30:05 l337h4x0r-laptop kernel: [    0.794010] ACPI: AC Adapter [AC] (on-line)
Nov  4 19:30:05 l337h4x0r-laptop kernel: [    0.794067] input: Power Button as /devices/LNXSYSTM:00/LNXPWRBN:00/input/input0
Nov  4 19:30:05 l337h4x0r-laptop kernel: [    0.794077] ACPI: Power Button [PWRF]
Nov  4 19:30:05 l337h4x0r-laptop kernel: [    0.794165] input: Sleep Button as /devices/LNXSYSTM:00/LNXSLPBN:00/input/input1
Nov  4 19:30:05 l337h4x0r-laptop kernel: [    0.794167] ACPI: Sleep Button [SLPF]
Nov  4 19:30:05 l337h4x0r-laptop kernel: [    0.794290] GHES: HEST is not enabled!
Nov  4 19:30:05 l337h4x0r-laptop kernel: [    0.795558] ACPI: Battery Slot [BAT0] (battery present)
Nov  4 19:30:05 l337h4x0r-laptop kernel: [    0.795597] isapnp: Scanning for PnP cards...
Nov  4 19:30:05 l337h4x0r-laptop kernel: [    0.801163] Serial: 8250/16550 driver, 32 ports, IRQ sharing enabled
Nov  4 19:30:05 l337h4x0r-laptop kernel: [    0.802642] Linux agpgart interface v0.103
Nov  4 19:30:05 l337h4x0r-laptop kernel: [    0.804476] brd: module loaded
Nov  4 19:30:05 l337h4x0r-laptop kernel: [    0.853045] loop: module loaded
Nov  4 19:30:05 l337h4x0r-laptop kernel: [    0.853181] ata_piix 0000:00:01.1: version 2.13
Nov  4 19:30:05 l337h4x0r-laptop kernel: [    0.853599] scsi host0: ata_piix
Nov  4 19:30:05 l337h4x0r-laptop kernel: [    0.853675] scsi host1: ata_piix
Nov  4 19:30:05 l337h4x0r-laptop kernel: [    0.853709] ata1: PATA max UDMA/33 cmd 0x1f0 ctl 0x3f6 bmdma 0xd000 irq 14
Nov  4 19:30:05 l337h4x0r-laptop kernel: [    0.853710] ata2: PATA max UDMA/33 cmd 0x170 ctl 0x376 bmdma 0xd008 irq 15
Nov  4 19:30:05 l337h4x0r-laptop kernel: [    0.853783] libphy: Fixed MDIO Bus: probed
Nov  4 19:30:05 l337h4x0r-laptop kernel: [    0.853785] tun: Universal TUN/TAP device driver, 1.6
Nov  4 19:30:05 l337h4x0r-laptop kernel: [    0.853786] tun: (C) 1999-2004 Max Krasnyansky <maxk@qualcomm.com>
Nov  4 19:30:05 l337h4x0r-laptop kernel: [    0.855517] PPP generic driver version 2.4.2
Nov  4 19:30:05 l337h4x0r-laptop kernel: [    0.855649] ehci_hcd: USB 2.0 'Enhanced' Host Controller (EHCI) Driver
Nov  4 19:30:05 l337h4x0r-laptop kernel: [    0.855657] ehci-pci: EHCI PCI platform driver
Nov  4 19:30:05 l337h4x0r-laptop kernel: [    0.855671] ehci-platform: EHCI generic platform driver
Nov  4 19:30:05 l337h4x0r-laptop kernel: [    0.855680] ohci_hcd: USB 1.1 'Open' Host Controller (OHCI) Driver
Nov  4 19:30:05 l337h4x0r-laptop kernel: [    0.855691] ohci-pci: OHCI PCI platform driver
Nov  4 19:30:05 l337h4x0r-laptop kernel: [    0.856045] ohci-pci 0000:00:06.0: OHCI PCI host controller
Nov  4 19:30:05 l337h4x0r-laptop kernel: [    0.856045] ohci-pci 0000:00:06.0: new USB bus registered, assigned bus number 1
Nov  4 19:30:05 l337h4x0r-laptop kernel: [    0.856067] ohci-pci 0000:00:06.0: irq 11, io mem 0xf0804000
Nov  4 19:30:05 l337h4x0r-laptop kernel: [    0.947296] usb usb1: New USB device found, idVendor=1d6b, idProduct=0001
Nov  4 19:30:05 l337h4x0r-laptop kernel: [    0.947303] usb usb1: New USB device strings: Mfr=3, Product=2, SerialNumber=1
Nov  4 19:30:05 l337h4x0r-laptop kernel: [    0.947308] usb usb1: Product: OHCI PCI host controller
Nov  4 19:30:05 l337h4x0r-laptop kernel: [    0.947311] usb usb1: Manufacturer: Linux 4.2.0-16-generic ohci_hcd
Nov  4 19:30:05 l337h4x0r-laptop kernel: [    0.947314] usb usb1: SerialNumber: 0000:00:06.0
Nov  4 19:30:05 l337h4x0r-laptop kernel: [    0.947564] hub 1-0:1.0: USB hub found
Nov  4 19:30:05 l337h4x0r-laptop kernel: [    0.947599] hub 1-0:1.0: 8 ports detected
Nov  4 19:30:05 l337h4x0r-laptop kernel: [    0.948380] ohci-platform: OHCI generic platform driver
Nov  4 19:30:05 l337h4x0r-laptop kernel: [    0.948406] uhci_hcd: USB Universal Host Controller Interface driver
Nov  4 19:30:05 l337h4x0r-laptop kernel: [    0.948518] i8042: PNP: PS/2 Controller [PNP0303:PS2K,PNP0f03:PS2M] at 0x60,0x64 irq 1,12
Nov  4 19:30:05 l337h4x0r-laptop kernel: [    0.950379] serio: i8042 KBD port at 0x60,0x64 irq 1
Nov  4 19:30:05 l337h4x0r-laptop kernel: [    0.950386] serio: i8042 AUX port at 0x60,0x64 irq 12
Nov  4 19:30:05 l337h4x0r-laptop kernel: [    0.950575] mousedev: PS/2 mouse device common for all mice
Nov  4 19:30:05 l337h4x0r-laptop kernel: [    0.953634] input: AT Translated Set 2 keyboard as /devices/platform/i8042/serio0/input/input2
Nov  4 19:30:05 l337h4x0r-laptop kernel: [    0.954385] rtc_cmos rtc_cmos: rtc core: registered rtc_cmos as rtc0
Nov  4 19:30:05 l337h4x0r-laptop kernel: [    0.954418] rtc_cmos rtc_cmos: alarms up to one day, 114 bytes nvram
Nov  4 19:30:05 l337h4x0r-laptop kernel: [    0.954429] i2c /dev entries driver
Nov  4 19:30:05 l337h4x0r-laptop kernel: [    0.954495] device-mapper: uevent: version 1.0.3
Nov  4 19:30:05 l337h4x0r-laptop kernel: [    0.954560] device-mapper: ioctl: 4.33.0-ioctl (2015-8-18) initialised: dm-devel@redhat.com
Nov  4 19:30:05 l337h4x0r-laptop kernel: [    0.954587] platform eisa.0: Probing EISA bus 0
Nov  4 19:30:05 l337h4x0r-laptop kernel: [    0.954595] platform eisa.0: EISA: Cannot allocate resource for mainboard
Nov  4 19:30:05 l337h4x0r-laptop kernel: [    0.954598] platform eisa.0: Cannot allocate resource for EISA slot 1
Nov  4 19:30:05 l337h4x0r-laptop kernel: [    0.954599] platform eisa.0: Cannot allocate resource for EISA slot 2
Nov  4 19:30:05 l337h4x0r-laptop kernel: [    0.954601] platform eisa.0: Cannot allocate resource for EISA slot 3
Nov  4 19:30:05 l337h4x0r-laptop kernel: [    0.954602] platform eisa.0: Cannot allocate resource for EISA slot 4
Nov  4 19:30:05 l337h4x0r-laptop kernel: [    0.954603] platform eisa.0: Cannot allocate resource for EISA slot 5
Nov  4 19:30:05 l337h4x0r-laptop kernel: [    0.954605] platform eisa.0: Cannot allocate resource for EISA slot 6
Nov  4 19:30:05 l337h4x0r-laptop kernel: [    0.954606] platform eisa.0: Cannot allocate resource for EISA slot 7
Nov  4 19:30:05 l337h4x0r-laptop kernel: [    0.954608] platform eisa.0: Cannot allocate resource for EISA slot 8
Nov  4 19:30:05 l337h4x0r-laptop kernel: [    0.954609] platform eisa.0: EISA: Detected 0 cards
Nov  4 19:30:05 l337h4x0r-laptop kernel: [    0.954631] cpufreq-nforce2: No nForce2 chipset.
Nov  4 19:30:05 l337h4x0r-laptop kernel: [    0.954640] ledtrig-cpu: registered to indicate activity on CPUs
Nov  4 19:30:05 l337h4x0r-laptop kernel: [    0.954656] PCCT header not found.
Nov  4 19:30:05 l337h4x0r-laptop kernel: [    0.954866] NET: Registered protocol family 10
Nov  4 19:30:05 l337h4x0r-laptop kernel: [    0.955086] NET: Registered protocol family 17
Nov  4 19:30:05 l337h4x0r-laptop kernel: [    0.955099] Key type dns_resolver registered
Nov  4 19:30:05 l337h4x0r-laptop kernel: [    0.955252] Using IPI No-Shortcut mode
Nov  4 19:30:05 l337h4x0r-laptop kernel: [    0.955370] Loading compiled-in X.509 certificates
Nov  4 19:30:05 l337h4x0r-laptop kernel: [    0.958011] Loaded X.509 cert 'Build time autogenerated kernel key: 9a18469980b5ebdd28885474f95f179ffebbdfd7'
Nov  4 19:30:05 l337h4x0r-laptop kernel: [    0.958030] registered taskstats version 1
Nov  4 19:30:05 l337h4x0r-laptop kernel: [    0.958050] zswap: loading zswap
Nov  4 19:30:05 l337h4x0r-laptop kernel: [    0.958052] zswap: using zbud pool
Nov  4 19:30:05 l337h4x0r-laptop kernel: [    0.958056] zswap: using lzo compressor
Nov  4 19:30:05 l337h4x0r-laptop kernel: [    0.960167] Key type trusted registered
Nov  4 19:30:05 l337h4x0r-laptop kernel: [    1.008980] Key type encrypted registered
Nov  4 19:30:05 l337h4x0r-laptop kernel: [    1.008989] AppArmor: AppArmor sha1 policy hashing enabled
Nov  4 19:30:05 l337h4x0r-laptop kernel: [    1.008999] ima: No TPM chip found, activating TPM-bypass!
Nov  4 19:30:05 l337h4x0r-laptop kernel: [    1.009019] evm: HMAC attrs: 0x1
Nov  4 19:30:05 l337h4x0r-laptop kernel: [    1.009400]   Magic number: 7:434:457
Nov  4 19:30:05 l337h4x0r-laptop kernel: [    1.009483] rtc_cmos rtc_cmos: setting system clock to 2015-11-05 01:30:00 UTC (1446687000)
Nov  4 19:30:05 l337h4x0r-laptop kernel: [    1.009556] BIOS EDD facility v0.16 2004-Jun-25, 0 devices found
Nov  4 19:30:05 l337h4x0r-laptop kernel: [    1.009557] EDD information not available.
Nov  4 19:30:05 l337h4x0r-laptop kernel: [    1.009601] PM: Hibernation image not present or could not be loaded.
Nov  4 19:30:05 l337h4x0r-laptop kernel: [    1.055698] ata2.00: ATAPI: VBOX CD-ROM, 1.0, max UDMA/133
Nov  4 19:30:05 l337h4x0r-laptop kernel: [    1.056588] ata2.00: configured for UDMA/33
Nov  4 19:30:05 l337h4x0r-laptop kernel: [    1.193640] isapnp: No Plug & Play device found
Nov  4 19:30:05 l337h4x0r-laptop kernel: [    1.194098] scsi 1:0:0:0: CD-ROM            VBOX     CD-ROM           1.0  PQ: 0 ANSI: 5
Nov  4 19:30:05 l337h4x0r-laptop kernel: [    1.201637] sr 1:0:0:0: [sr0] scsi3-mmc drive: 32x/32x xa/form2 tray
Nov  4 19:30:05 l337h4x0r-laptop kernel: [    1.201641] cdrom: Uniform CD-ROM driver Revision: 3.20
Nov  4 19:30:05 l337h4x0r-laptop kernel: [    1.201766] sr 1:0:0:0: Attached scsi CD-ROM sr0
Nov  4 19:30:05 l337h4x0r-laptop kernel: [    1.201817] sr 1:0:0:0: Attached scsi generic sg0 type 5
Nov  4 19:30:05 l337h4x0r-laptop kernel: [    1.202345] Freeing unused kernel memory: 928K (c1b14000 - c1bfc000)
Nov  4 19:30:05 l337h4x0r-laptop kernel: [    1.202427] Write protecting the kernel text: 7576k
Nov  4 19:30:05 l337h4x0r-laptop kernel: [    1.202453] Write protecting the kernel read-only data: 3024k
Nov  4 19:30:05 l337h4x0r-laptop kernel: [    1.202454] NX-protecting the kernel data: 4712k
Nov  4 19:30:05 l337h4x0r-laptop kernel: [    1.216003] random: udevadm urandom read with 1 bits of entropy available
Nov  4 19:30:05 l337h4x0r-laptop kernel: [    1.266186] ACPI: Video Device [GFX0] (multi-head: yes  rom: no  post: no)
Nov  4 19:30:05 l337h4x0r-laptop kernel: [    1.266253] input: Video Bus as /devices/LNXSYSTM:00/LNXSYBUS:00/PNP0A03:00/LNXVIDEO:00/input/input4
Nov  4 19:30:05 l337h4x0r-laptop kernel: [    1.278307] e1000: Intel(R) PRO/1000 Network Driver - version 7.3.21-k8-NAPI
Nov  4 19:30:05 l337h4x0r-laptop kernel: [    1.278310] e1000: Copyright (c) 1999-2006 Intel Corporation.
Nov  4 19:30:05 l337h4x0r-laptop kernel: [    1.279025] ACPI: PCI Interrupt Link [LNKC] enabled at IRQ 10
Nov  4 19:30:05 l337h4x0r-laptop kernel: [    1.279028] PCI: setting IRQ 10 as level-triggered
Nov  4 19:30:05 l337h4x0r-laptop kernel: [    1.704063] usb 1-1: new full-speed USB device number 2 using ohci-pci
Nov  4 19:30:05 l337h4x0r-laptop kernel: [    1.729719] e1000 0000:00:03.0 eth0: (PCI:33MHz:32-bit) 08:00:27:21:18:23
Nov  4 19:30:05 l337h4x0r-laptop kernel: [    1.729727] e1000 0000:00:03.0 eth0: Intel(R) PRO/1000 Network Connection
Nov  4 19:30:05 l337h4x0r-laptop kernel: [    1.729755] ahci 0000:00:0d.0: version 3.0
Nov  4 19:30:05 l337h4x0r-laptop kernel: [    1.730708] ACPI: PCI Interrupt Link [LNKA] enabled at IRQ 11
Nov  4 19:30:05 l337h4x0r-laptop kernel: [    1.730804] ahci 0000:00:0d.0: SSS flag set, parallel bus scan disabled
Nov  4 19:30:05 l337h4x0r-laptop kernel: [    1.730974] ahci 0000:00:0d.0: AHCI 0001.0100 32 slots 1 ports 3 Gbps 0x1 impl SATA mode
Nov  4 19:30:05 l337h4x0r-laptop kernel: [    1.730977] ahci 0000:00:0d.0: flags: 64bit ncq stag only ccc 
Nov  4 19:30:05 l337h4x0r-laptop kernel: [    1.732577] e1000 0000:00:03.0 enp0s3: renamed from eth0
Nov  4 19:30:05 l337h4x0r-laptop kernel: [    1.734012] scsi host2: ahci
Nov  4 19:30:05 l337h4x0r-laptop kernel: [    1.734080] ata3: SATA max UDMA/133 abar m8192@0xf0806000 port 0xf0806100 irq 11
Nov  4 19:30:05 l337h4x0r-laptop kernel: [    1.788153] tsc: Refined TSC clocksource calibration: 1701.483 MHz
Nov  4 19:30:05 l337h4x0r-laptop kernel: [    1.788158] clocksource: tsc: mask: 0xffffffffffffffff max_cycles: 0x1886a02e4dd, max_idle_ns: 440795237422 ns
Nov  4 19:30:05 l337h4x0r-laptop kernel: [    1.877195] input: ImExPS/2 Generic Explorer Mouse as /devices/platform/i8042/serio1/input/input5
Nov  4 19:30:05 l337h4x0r-laptop kernel: [    1.974199] usb 1-1: New USB device found, idVendor=80ee, idProduct=0021
Nov  4 19:30:05 l337h4x0r-laptop kernel: [    1.974203] usb 1-1: New USB device strings: Mfr=1, Product=3, SerialNumber=0
Nov  4 19:30:05 l337h4x0r-laptop kernel: [    1.974205] usb 1-1: Product: USB Tablet
Nov  4 19:30:05 l337h4x0r-laptop kernel: [    1.974207] usb 1-1: Manufacturer: VirtualBox
Nov  4 19:30:05 l337h4x0r-laptop kernel: [    1.985870] hidraw: raw HID events driver (C) Jiri Kosina
Nov  4 19:30:05 l337h4x0r-laptop kernel: [    1.994355] usbcore: registered new interface driver usbhid
Nov  4 19:30:05 l337h4x0r-laptop kernel: [    1.994358] usbhid: USB HID core driver
Nov  4 19:30:05 l337h4x0r-laptop kernel: [    1.999881] input: VirtualBox USB Tablet as /devices/pci0000:00/0000:00:06.0/usb1/1-1/1-1:1.0/0003:80EE:0021.0001/input/input6
Nov  4 19:30:05 l337h4x0r-laptop kernel: [    2.000407] hid-generic 0003:80EE:0021.0001: input,hidraw0: USB HID v1.10 Mouse [VirtualBox USB Tablet] on usb-0000:00:06.0-1/input0
Nov  4 19:30:05 l337h4x0r-laptop kernel: [    2.052435] ata3: SATA link up 3.0 Gbps (SStatus 123 SControl 300)
Nov  4 19:30:05 l337h4x0r-laptop kernel: [    2.052832] ata3.00: ATA-6: VBOX HARDDISK, 1.0, max UDMA/133
Nov  4 19:30:05 l337h4x0r-laptop kernel: [    2.052837] ata3.00: 16777216 sectors, multi 128: LBA48 NCQ (depth 31/32)
Nov  4 19:30:05 l337h4x0r-laptop kernel: [    2.053400] ata3.00: configured for UDMA/133
Nov  4 19:30:05 l337h4x0r-laptop kernel: [    2.053595] scsi 2:0:0:0: Direct-Access     ATA      VBOX HARDDISK    1.0  PQ: 0 ANSI: 5
Nov  4 19:30:05 l337h4x0r-laptop kernel: [    2.054071] sd 2:0:0:0: [sda] 16777216 512-byte logical blocks: (8.58 GB/8.00 GiB)
Nov  4 19:30:05 l337h4x0r-laptop kernel: [    2.054198] sd 2:0:0:0: [sda] Write Protect is off
Nov  4 19:30:05 l337h4x0r-laptop kernel: [    2.054203] sd 2:0:0:0: [sda] Mode Sense: 00 3a 00 00
Nov  4 19:30:05 l337h4x0r-laptop kernel: [    2.054257] sd 2:0:0:0: [sda] Write cache: enabled, read cache: enabled, doesn't support DPO or FUA
Nov  4 19:30:05 l337h4x0r-laptop kernel: [    2.054615] sd 2:0:0:0: Attached scsi generic sg1 type 0
Nov  4 19:30:05 l337h4x0r-laptop kernel: [    2.058652]  sda: sda1 sda2 sda3 < sda5 sda6 >
Nov  4 19:30:05 l337h4x0r-laptop kernel: [    2.059038] sd 2:0:0:0: [sda] Attached SCSI disk
Nov  4 19:30:05 l337h4x0r-laptop kernel: [    2.788446] clocksource: Switched to clocksource tsc
Nov  4 19:30:05 l337h4x0r-laptop kernel: [    4.313261] floppy0: no floppy controllers found
Nov  4 19:30:05 l337h4x0r-laptop kernel: [    4.313340] work still pending
Nov  4 19:30:05 l337h4x0r-laptop kernel: [    4.383969] EXT4-fs (sda6): mounted filesystem with ordered data mode. Opts: (null)
Nov  4 19:30:05 l337h4x0r-laptop kernel: [    4.815332] lp: driver loaded but no devices found
Nov  4 19:30:05 l337h4x0r-laptop kernel: [    4.830308] ppdev: user-space parallel port driver
Nov  4 19:30:05 l337h4x0r-laptop kernel: [    4.840218] parport_pc 00:02: reported by Plug and Play ACPI
Nov  4 19:30:05 l337h4x0r-laptop kernel: [    5.016961] EXT4-fs (sda6): re-mounted. Opts: errors=remount-ro
Nov  4 19:30:05 l337h4x0r-laptop kernel: [    5.362031] audit: type=1400 audit(1446687004.846:2): apparmor="STATUS" operation="profile_load" profile="unconfined" name="/usr/lib/lightdm/lightdm-guest-session" pid=312 comm="apparmor_parser"
Nov  4 19:30:05 l337h4x0r-laptop kernel: [    5.362043] audit: type=1400 audit(1446687004.846:3): apparmor="STATUS" operation="profile_load" profile="unconfined" name="chromium" pid=312 comm="apparmor_parser"
Nov  4 19:30:05 l337h4x0r-laptop kernel: [    5.369913] audit: type=1400 audit(1446687004.858:4): apparmor="STATUS" operation="profile_load" profile="unconfined" name="/sbin/dhclient" pid=312 comm="apparmor_parser"
Nov  4 19:30:05 l337h4x0r-laptop kernel: [    5.369923] audit: type=1400 audit(1446687004.858:5): apparmor="STATUS" operation="profile_load" profile="unconfined" name="/usr/lib/NetworkManager/nm-dhcp-client.action" pid=312 comm="apparmor_parser"
Nov  4 19:30:05 l337h4x0r-laptop kernel: [    5.369927] audit: type=1400 audit(1446687004.858:6): apparmor="STATUS" operation="profile_load" profile="unconfined" name="/usr/lib/NetworkManager/nm-dhcp-helper" pid=312 comm="apparmor_parser"
Nov  4 19:30:05 l337h4x0r-laptop kernel: [    5.369932] audit: type=1400 audit(1446687004.858:7): apparmor="STATUS" operation="profile_load" profile="unconfined" name="/usr/lib/connman/scripts/dhclient-script" pid=312 comm="apparmor_parser"
Nov  4 19:30:05 l337h4x0r-laptop kernel: [    5.420220] audit: type=1400 audit(1446687004.902:8): apparmor="STATUS" operation="profile_load" profile="unconfined" name="/usr/bin/evince" pid=312 comm="apparmor_parser"
Nov  4 19:30:05 l337h4x0r-laptop kernel: [    5.420220] audit: type=1400 audit(1446687004.902:9): apparmor="STATUS" operation="profile_load" profile="unconfined" name="sanitized_helper" pid=312 comm="apparmor_parser"
Nov  4 19:30:05 l337h4x0r-laptop kernel: [    5.420220] audit: type=1400 audit(1446687004.902:10): apparmor="STATUS" operation="profile_load" profile="unconfined" name="/usr/bin/evince-previewer" pid=312 comm="apparmor_parser"
Nov  4 19:30:05 l337h4x0r-laptop kernel: [    5.697265] piix4_smbus 0000:00:07.0: SMBus base address uninitialized - upgrade BIOS or use force_addr=0xaddr
Nov  4 19:30:05 l337h4x0r-laptop kernel: [    5.706691] ACPI: PCI Interrupt Link [LNKD] enabled at IRQ 9
Nov  4 19:30:05 l337h4x0r-laptop kernel: [    5.706696] PCI: setting IRQ 9 as level-triggered
Nov  4 19:30:05 l337h4x0r-laptop kernel: [    5.715241] input: Unspecified device as /devices/pci0000:00/0000:00:04.0/input/input7
Nov  4 19:30:05 l337h4x0r-laptop kernel: [    5.729811] [drm] Initialized drm 1.1.0 20060810
Nov  4 19:30:05 l337h4x0r-laptop kernel: [    5.766760] vboxguest: misc device minor 56, IRQ 9, I/O port d020, MMIO at 00000000f0400000 (size 0x400000)
Nov  4 19:30:05 l337h4x0r-laptop kernel: [    5.766820] vboxguest: Successfully loaded version 5.0.0_Ubuntu (interface 0x00010004)
Nov  4 19:30:05 l337h4x0r-laptop kernel: [    5.777923] [drm] Initialized vboxvideo 1.0.0 20090303 for 0000:00:02.0 on minor 0
Nov  4 19:30:05 l337h4x0r-laptop kernel: [    5.923943] intel_rapl: no valid rapl domains found in package 0
Nov  4 19:30:05 l337h4x0r-laptop kernel: [    5.960309] Adding 999420k swap on /dev/sda5.  Priority:-1 extents:1 across:999420k FS
Nov  4 19:30:05 l337h4x0r-laptop kernel: [    5.963629] Adding 249000k swap on /dev/sda2.  Priority:-2 extents:1 across:249000k FS
Nov  4 19:30:05 l337h4x0r-laptop NetworkManager[515]: <info>  NetworkManager (version 1.0.4) is starting...
Nov  4 19:30:05 l337h4x0r-laptop NetworkManager[515]: <info>  Read config: /etc/NetworkManager/NetworkManager.conf
Nov  4 19:30:05 l337h4x0r-laptop NetworkManager[515]: <info>  DNS: loaded plugin dnsmasq
Nov  4 19:30:06 l337h4x0r-laptop NetworkManager[515]: <info>  init!
Nov  4 19:30:06 l337h4x0r-laptop NetworkManager[515]: <info>  update_system_hostname
Nov  4 19:30:06 l337h4x0r-laptop NetworkManager[515]: <info>        interface-parser: parsing file /etc/network/interfaces
Nov  4 19:30:06 l337h4x0r-laptop NetworkManager[515]: <info>        interface-parser: finished parsing file /etc/network/interfaces
Nov  4 19:30:06 l337h4x0r-laptop NetworkManager[515]: <info>  management mode: unmanaged
Nov  4 19:30:06 l337h4x0r-laptop NetworkManager[515]: <info>  devices added (path: /sys/devices/pci0000:00/0000:00:03.0/net/enp0s3, iface: enp0s3)
Nov  4 19:30:06 l337h4x0r-laptop NetworkManager[515]: <info>  device added (path: /sys/devices/pci0000:00/0000:00:03.0/net/enp0s3, iface: enp0s3): no ifupdown configuration found.
Nov  4 19:30:06 l337h4x0r-laptop NetworkManager[515]: <info>  devices added (path: /sys/devices/virtual/net/lo, iface: lo)
Nov  4 19:30:06 l337h4x0r-laptop NetworkManager[515]: <info>  device added (path: /sys/devices/virtual/net/lo, iface: lo): no ifupdown configuration found.
Nov  4 19:30:06 l337h4x0r-laptop NetworkManager[515]: <info>  end _init.
Nov  4 19:30:06 l337h4x0r-laptop NetworkManager[515]: <info>  Loaded settings plugin ifupdown: (C) 2008 Canonical Ltd.  To report bugs please use the NetworkManager mailing list. (/usr/lib/i386-linux-gnu/NetworkManager/libnm-settings-plugin-ifupdown.so)
Nov  4 19:30:06 l337h4x0r-laptop NetworkManager[515]: <info>  Loaded settings plugin keyfile: (c) 2007 - 2015 Red Hat, Inc.  To report bugs please use the NetworkManager mailing list.
Nov  4 19:30:06 l337h4x0r-laptop NetworkManager[515]: <info>  SCPlugin-Ofono: init!
Nov  4 19:30:06 l337h4x0r-laptop NetworkManager[515]: <warn>  SCPlugin-Ofono: file doesn't exist: /var/lib/ofono
Nov  4 19:30:06 l337h4x0r-laptop NetworkManager[515]: <info>  SCPlugin-Ofono: end _init.
Nov  4 19:30:06 l337h4x0r-laptop NetworkManager[515]: <info>  Loaded settings plugin ofono: (C) 2013 Canonical Ltd.  To report bugs please use the NetworkManager mailing list. (/usr/lib/i386-linux-gnu/NetworkManager/libnm-settings-plugin-ofono.so)
Nov  4 19:30:06 l337h4x0r-laptop NetworkManager[515]: <info>  (152517488) ... get_connections.
Nov  4 19:30:06 l337h4x0r-laptop NetworkManager[515]: <info>  (152517488) ... get_connections (managed=false): return empty list.
Nov  4 19:30:06 l337h4x0r-laptop NetworkManager[515]: <info>  SCPlugin-Ofono: (152477720) ... get_connections.
Nov  4 19:30:06 l337h4x0r-laptop NetworkManager[515]: <info>  SCPlugin-Ofono: (152477720) connections count: 0
Nov  4 19:30:06 l337h4x0r-laptop NetworkManager[515]: <info>  get unmanaged devices count: 0
Nov  4 19:30:06 l337h4x0r-laptop NetworkManager[515]: <info>  monitoring kernel firmware directory '/lib/firmware'.
Nov  4 19:30:06 l337h4x0r-laptop NetworkManager[515]: <info>  monitoring ifupdown state file '/run/network/ifstate'.
Nov  4 19:30:06 l337h4x0r-laptop NetworkManager[515]: <info>  Loaded device plugin: NMVxlanFactory (internal)
Nov  4 19:30:06 l337h4x0r-laptop NetworkManager[515]: <info>  Loaded device plugin: NMVlanFactory (internal)
Nov  4 19:30:06 l337h4x0r-laptop NetworkManager[515]: <info>  Loaded device plugin: NMVethFactory (internal)
Nov  4 19:30:06 l337h4x0r-laptop NetworkManager[515]: <info>  Loaded device plugin: NMTunFactory (internal)
Nov  4 19:30:06 l337h4x0r-laptop NetworkManager[515]: <info>  Loaded device plugin: NMMacvlanFactory (internal)
Nov  4 19:30:06 l337h4x0r-laptop NetworkManager[515]: <info>  Loaded device plugin: NMInfinibandFactory (internal)
Nov  4 19:30:06 l337h4x0r-laptop NetworkManager[515]: <info>  Loaded device plugin: NMGreFactory (internal)
Nov  4 19:30:06 l337h4x0r-laptop NetworkManager[515]: <info>  Loaded device plugin: NMEthernetFactory (internal)
Nov  4 19:30:06 l337h4x0r-laptop NetworkManager[515]: <info>  Loaded device plugin: NMBridgeFactory (internal)
Nov  4 19:30:06 l337h4x0r-laptop NetworkManager[515]: <info>  Loaded device plugin: NMBondFactory (internal)
Nov  4 19:30:06 l337h4x0r-laptop NetworkManager[515]: <info>  Loaded device plugin: NMWifiFactory (/usr/lib/i386-linux-gnu/NetworkManager/libnm-device-plugin-wifi.so)
Nov  4 19:30:06 l337h4x0r-laptop NetworkManager[515]: <info>  Loaded device plugin: NMBluezManager (/usr/lib/i386-linux-gnu/NetworkManager/libnm-device-plugin-bluetooth.so)
Nov  4 19:30:06 l337h4x0r-laptop systemd[1]: Started Network Manager.
Nov  4 19:30:06 l337h4x0r-laptop systemd[1]: Started Login Service.
Nov  4 19:30:06 l337h4x0r-laptop NetworkManager[515]: <info>  Loaded device plugin: NMWwanFactory (/usr/lib/i386-linux-gnu/NetworkManager/libnm-device-plugin-wwan.so)
Nov  4 19:30:06 l337h4x0r-laptop systemd[1]: Reached target Network.
Nov  4 19:30:06 l337h4x0r-laptop systemd[1]: Reached target Network is Online.
Nov  4 19:30:06 l337h4x0r-laptop systemd[1]: Starting LSB: Start NTP daemon...
Nov  4 19:30:06 l337h4x0r-laptop NetworkManager[515]: <info>  Loaded device plugin: NMAtmManager (/usr/lib/i386-linux-gnu/NetworkManager/libnm-device-plugin-adsl.so)
Nov  4 19:30:06 l337h4x0r-laptop NetworkManager[515]: <info>  WiFi enabled by radio killswitch; enabled by state file
Nov  4 19:30:06 l337h4x0r-laptop NetworkManager[515]: <info>  WWAN enabled by radio killswitch; enabled by state file
Nov  4 19:30:06 l337h4x0r-laptop NetworkManager[515]: <info>  WiMAX enabled by radio killswitch; enabled by state file
Nov  4 19:30:06 l337h4x0r-laptop kernel: [    6.611662] IPv6: ADDRCONF(NETDEV_UP): enp0s3: link is not ready
Nov  4 19:30:06 l337h4x0r-laptop NetworkManager[515]: <info>  Networking is enabled by state file
Nov  4 19:30:06 l337h4x0r-laptop systemd[1]: Starting /etc/rc.local Compatibility...
Nov  4 19:30:06 l337h4x0r-laptop NetworkManager[515]: nm_device_get_device_type: assertion 'NM_IS_DEVICE (self)' failed
Nov  4 19:30:06 l337h4x0r-laptop systemd[1]: Starting Authenticate and Authorize Users to Run Privileged Tasks...
Nov  4 19:30:06 l337h4x0r-laptop NetworkManager[515]: <info>  (lo): link connected
Nov  4 19:30:06 l337h4x0r-laptop kernel: [    6.628515] e1000: enp0s3 NIC Link is Up 1000 Mbps Full Duplex, Flow Control: RX
Nov  4 19:30:06 l337h4x0r-laptop NetworkManager[515]: <info>  (lo): new Generic device (carrier: ON, driver: 'unknown', ifindex: 1)
Nov  4 19:30:06 l337h4x0r-laptop NetworkManager[515]: <info>  (enp0s3): new Ethernet device (carrier: OFF, driver: 'e1000', ifindex: 2)
Nov  4 19:30:06 l337h4x0r-laptop kernel: [    6.639688] random: nonblocking pool is initialized
Nov  4 19:30:06 l337h4x0r-laptop NetworkManager[515]: <info>  (enp0s3): device state change: unmanaged -> unavailable (reason 'managed') [10 20 2]
Nov  4 19:30:06 l337h4x0r-laptop NetworkManager[515]: <info>  (enp0s3): link connected
Nov  4 19:30:06 l337h4x0r-laptop systemd[1]: Started /etc/rc.local Compatibility.
Nov  4 19:30:06 l337h4x0r-laptop NetworkManager[515]: <info>  keyfile: add connection in-memory (bec3af6e-4b65-4c74-ba4a-3c6be2209d80,"Wired connection 1")
Nov  4 19:30:06 l337h4x0r-laptop systemd[1]: Starting Wait for Plymouth Boot Screen to Quit...
Nov  4 19:30:06 l337h4x0r-laptop ntp[532]: * Starting NTP server ntpd
Nov  4 19:30:06 l337h4x0r-laptop NetworkManager[515]: <info>  (enp0s3): created default wired connection 'Wired connection 1'
Nov  4 19:30:06 l337h4x0r-laptop dbus[489]: [system] Activating via systemd: service name='fi.w1.wpa_supplicant1' unit='wpa_supplicant.service'
Nov  4 19:30:06 l337h4x0r-laptop systemd[1]: Starting WPA supplicant...
Nov  4 19:30:06 l337h4x0r-laptop NetworkManager[515]: <info>  urfkill disappeared from the bus
Nov  4 19:30:06 l337h4x0r-laptop ntpd[545]: ntpd 4.2.6p5@1.2349-o Fri Oct 23 16:44:29 UTC 2015 (1)
Nov  4 19:30:06 l337h4x0r-laptop ntp[532]: ...done.
Nov  4 19:30:06 l337h4x0r-laptop dbus[489]: [system] Successfully activated service 'fi.w1.wpa_supplicant1'
Nov  4 19:30:06 l337h4x0r-laptop systemd[1]: Started WPA supplicant.
Nov  4 19:30:06 l337h4x0r-laptop wpa_supplicant[546]: Successfully initialized wpa_supplicant
Nov  4 19:30:06 l337h4x0r-laptop systemd[1]: Started LSB: Start NTP daemon.
Nov  4 19:30:06 l337h4x0r-laptop ntpd[547]: proto: precision = 0.125 usec
Nov  4 19:30:06 l337h4x0r-laptop ntpd[547]: ntp_io: estimated max descriptors: 1024, initial socket boundary: 16
Nov  4 19:30:06 l337h4x0r-laptop ntpd[547]: Listen and drop on 0 v4wildcard 0.0.0.0 UDP 123
Nov  4 19:30:06 l337h4x0r-laptop ntpd[547]: Listen and drop on 1 v6wildcard :: UDP 123
Nov  4 19:30:06 l337h4x0r-laptop ntpd[547]: Listen normally on 2 lo 127.0.0.1 UDP 123
Nov  4 19:30:06 l337h4x0r-laptop ntpd[547]: Listen normally on 3 lo ::1 UDP 123
Nov  4 19:30:06 l337h4x0r-laptop ntpd[547]: peers refreshed
Nov  4 19:30:06 l337h4x0r-laptop ntpd[547]: Listening on routing socket on fd #20 for interface updates
Nov  4 19:30:06 l337h4x0r-laptop ntpd[547]: Deferring DNS for 0.ubuntu.pool.ntp.org 1
Nov  4 19:30:06 l337h4x0r-laptop ntpd[547]: Deferring DNS for 1.ubuntu.pool.ntp.org 1
Nov  4 19:30:06 l337h4x0r-laptop ntpd[547]: Deferring DNS for 2.ubuntu.pool.ntp.org 1
Nov  4 19:30:06 l337h4x0r-laptop ntpd[547]: Deferring DNS for 3.ubuntu.pool.ntp.org 1
Nov  4 19:30:06 l337h4x0r-laptop ntpd[547]: Deferring DNS for ntp.ubuntu.com 1
Nov  4 19:30:06 l337h4x0r-laptop NetworkManager[515]: <info>  wpa_supplicant running
Nov  4 19:30:06 l337h4x0r-laptop NetworkManager[515]: <info>  ofono is now available
Nov  4 19:30:06 l337h4x0r-laptop NetworkManager[515]: <warn>  failed to enumerate oFono devices: GDBus.Error:org.freedesktop.DBus.Error.ServiceUnknown: The name org.ofono was not provided by any .service files
Nov  4 19:30:06 l337h4x0r-laptop NetworkManager[515]: <info>  (enp0s3): device state change: unavailable -> disconnected (reason 'none') [20 30 0]
Nov  4 19:30:06 l337h4x0r-laptop polkitd[534]: started daemon version 0.105 using authority implementation `local' version `0.105'
Nov  4 19:30:06 l337h4x0r-laptop dbus[489]: [system] Successfully activated service 'org.freedesktop.PolicyKit1'
Nov  4 19:30:06 l337h4x0r-laptop systemd[1]: Started Authenticate and Authorize Users to Run Privileged Tasks.
Nov  4 19:30:06 l337h4x0r-laptop NetworkManager[515]: <info>  Device 'enp0s3' has no connection; scheduling activate_check in 0 seconds.
Nov  4 19:30:06 l337h4x0r-laptop accounts-daemon[475]: started daemon version 0.6.40
Nov  4 19:30:06 l337h4x0r-laptop systemd[1]: Started Accounts Service.
Nov  4 19:30:06 l337h4x0r-laptop NetworkManager[515]: <info>  Auto-activating connection 'Wired connection 1'.
Nov  4 19:30:06 l337h4x0r-laptop NetworkManager[515]: <info>  (enp0s3): Activation: starting connection 'Wired connection 1' (bec3af6e-4b65-4c74-ba4a-3c6be2209d80)
Nov  4 19:30:06 l337h4x0r-laptop NetworkManager[515]: <info>  (enp0s3): device state change: disconnected -> prepare (reason 'none') [30 40 0]
Nov  4 19:30:06 l337h4x0r-laptop NetworkManager[515]: <info>  NetworkManager state is now CONNECTING
Nov  4 19:30:06 l337h4x0r-laptop whoopsie[439]: [19:30:06] offline
Nov  4 19:30:06 l337h4x0r-laptop NetworkManager[515]: <info>  (enp0s3): device state change: prepare -> config (reason 'none') [40 50 0]
Nov  4 19:30:06 l337h4x0r-laptop NetworkManager[515]: <info>  (enp0s3): device state change: config -> ip-config (reason 'none') [50 70 0]
Nov  4 19:30:06 l337h4x0r-laptop NetworkManager[515]: <info>  Activation (enp0s3) Beginning DHCPv4 transaction (timeout in 45 seconds)
Nov  4 19:30:06 l337h4x0r-laptop NetworkManager[515]: <info>  dhclient started with pid 550
Nov  4 19:30:06 l337h4x0r-laptop systemd[1]: Started Modem Manager.
Nov  4 19:30:06 l337h4x0r-laptop NetworkManager[515]: <info>  ModemManager disappeared from bus
Nov  4 19:30:06 l337h4x0r-laptop dhclient: DHCPDISCOVER on enp0s3 to 255.255.255.255 port 67 interval 3 (xid=0xa357981b)
Nov  4 19:30:06 l337h4x0r-laptop NetworkManager[515]: <info>  ModemManager available in the bus
Nov  4 19:30:06 l337h4x0r-laptop gpu-manager[469]: update-alternatives: error: no alternatives for i386-linux-gnu_gfxcore_conf
Nov  4 19:30:06 l337h4x0r-laptop systemd[1]: Started Detect the available GPUs and deal with any system changes.
Nov  4 19:30:06 l337h4x0r-laptop systemd[1]: Starting Light Display Manager...
Nov  4 19:30:06 l337h4x0r-laptop systemd[1]: Started Light Display Manager.
Nov  4 19:30:06 l337h4x0r-laptop kernel: [    7.300136] snd_intel8x0 0000:00:05.0: intel8x0_measure_ac97_clock: measured 56048 usecs (1671 samples)
Nov  4 19:30:06 l337h4x0r-laptop kernel: [    7.300140] snd_intel8x0 0000:00:05.0: measured clock 29813 rejected
Nov  4 19:30:07 l337h4x0r-laptop kernel: [    7.660207] snd_intel8x0 0000:00:05.0: intel8x0_measure_ac97_clock: measured 55070 usecs (3900 samples)
Nov  4 19:30:07 l337h4x0r-laptop kernel: [    7.660211] snd_intel8x0 0000:00:05.0: measured clock 70818 rejected
Nov  4 19:30:07 l337h4x0r-laptop systemd[1]: Received SIGRTMIN+21 from PID 213 (plymouthd).
Nov  4 19:30:07 l337h4x0r-laptop systemd[1]: Started Wait for Plymouth Boot Screen to Quit.
Nov  4 19:30:07 l337h4x0r-laptop systemd[1]: Started Getty on tty1.
Nov  4 19:30:07 l337h4x0r-laptop systemd[1]: Reached target Login Prompts.
Nov  4 19:30:07 l337h4x0r-laptop systemd[1]: Reached target Multi-User System.
Nov  4 19:30:07 l337h4x0r-laptop systemd[1]: Reached target Graphical Interface.
Nov  4 19:30:07 l337h4x0r-laptop systemd[1]: Starting Update UTMP about System Runlevel Changes...
Nov  4 19:30:07 l337h4x0r-laptop systemd[1]: Started Update UTMP about System Runlevel Changes.
Nov  4 19:30:07 l337h4x0r-laptop systemd[1]: Startup finished in 4.519s (kernel) + 3.400s (userspace) = 7.919s.
Nov  4 19:30:07 l337h4x0r-laptop systemd[1]: Created slice user-110.slice.
Nov  4 19:30:07 l337h4x0r-laptop systemd[1]: Starting User Manager for UID 110...
Nov  4 19:30:07 l337h4x0r-laptop systemd[1]: Started Session c1 of user lightdm.
Nov  4 19:30:07 l337h4x0r-laptop systemd[597]: Reached target Sockets.
Nov  4 19:30:07 l337h4x0r-laptop systemd[597]: Reached target Paths.
Nov  4 19:30:07 l337h4x0r-laptop systemd[597]: Reached target Timers.
Nov  4 19:30:07 l337h4x0r-laptop systemd[597]: Reached target Basic System.
Nov  4 19:30:07 l337h4x0r-laptop systemd[597]: Reached target Default.
Nov  4 19:30:07 l337h4x0r-laptop systemd[597]: Startup finished in 29ms.
Nov  4 19:30:07 l337h4x0r-laptop systemd[1]: Started User Manager for UID 110.
Nov  4 19:30:07 l337h4x0r-laptop kernel: [    8.020301] snd_intel8x0 0000:00:05.0: intel8x0_measure_ac97_clock: measured 54942 usecs (3900 samples)
Nov  4 19:30:07 l337h4x0r-laptop kernel: [    8.020305] snd_intel8x0 0000:00:05.0: measured clock 70983 rejected
Nov  4 19:30:07 l337h4x0r-laptop kernel: [    8.020308] snd_intel8x0 0000:00:05.0: clocking to 48000
Nov  4 19:30:07 l337h4x0r-laptop systemd[1]: Reached target Sound Card.
Nov  4 19:30:07 l337h4x0r-laptop dhclient: DHCPREQUEST of 10.46.1.105 on enp0s3 to 255.255.255.255 port 67 (xid=0x1b9857a3)
Nov  4 19:30:07 l337h4x0r-laptop dhclient: DHCPOFFER of 10.46.1.105 from 10.46.1.1
Nov  4 19:30:07 l337h4x0r-laptop dhclient: DHCPACK of 10.46.1.105 from 10.46.1.1
Nov  4 19:30:07 l337h4x0r-laptop NetworkManager[515]: <info>    address 10.46.1.105
Nov  4 19:30:07 l337h4x0r-laptop NetworkManager[515]: <info>    plen 24 (255.255.255.0)
Nov  4 19:30:07 l337h4x0r-laptop NetworkManager[515]: <info>    gateway 10.46.1.1
Nov  4 19:30:07 l337h4x0r-laptop NetworkManager[515]: <info>    server identifier 10.46.1.1
Nov  4 19:30:07 l337h4x0r-laptop NetworkManager[515]: <info>    lease time 86400
Nov  4 19:30:07 l337h4x0r-laptop NetworkManager[515]: <info>    hostname 'l337h4x0r-laptop'
Nov  4 19:30:07 l337h4x0r-laptop NetworkManager[515]: <info>    nameserver '10.46.1.1'
Nov  4 19:30:07 l337h4x0r-laptop NetworkManager[515]: <info>  (enp0s3): DHCPv4 state changed unknown -> bound
Nov  4 19:30:07 l337h4x0r-laptop NetworkManager[515]: <info>  (enp0s3): device state change: ip-config -> ip-check (reason 'none') [70 80 0]
Nov  4 19:30:07 l337h4x0r-laptop NetworkManager[515]: <info>  (enp0s3): device state change: ip-check -> secondaries (reason 'none') [80 90 0]
Nov  4 19:30:07 l337h4x0r-laptop whoopsie[439]: [19:30:07] Cannot reach: https://daisy.ubuntu.com
Nov  4 19:30:07 l337h4x0r-laptop whoopsie[439]: [19:30:07] Cannot reach: https://daisy.ubuntu.com
Nov  4 19:30:07 l337h4x0r-laptop NetworkManager[515]: <info>  (enp0s3): device state change: secondaries -> activated (reason 'none') [90 100 0]
Nov  4 19:30:07 l337h4x0r-laptop NetworkManager[515]: <info>  NetworkManager state is now CONNECTED_LOCAL
Nov  4 19:30:07 l337h4x0r-laptop dhclient: bound to 10.46.1.105 -- renewal in 37340 seconds.
Nov  4 19:30:07 l337h4x0r-laptop NetworkManager[515]: <info>  NetworkManager state is now CONNECTED_GLOBAL
Nov  4 19:30:07 l337h4x0r-laptop NetworkManager[515]: <info>  Policy set 'Wired connection 1' (enp0s3) as default for IPv4 routing and DNS.
Nov  4 19:30:07 l337h4x0r-laptop NetworkManager[515]: <info>  DNS: starting dnsmasq...
Nov  4 19:30:07 l337h4x0r-laptop NetworkManager[515]: <warn>  dnsmasq not available on the bus, can't update servers.
Nov  4 19:30:07 l337h4x0r-laptop NetworkManager[515]: <error> [1446687007.710401] [dns-manager/nm-dns-dnsmasq.c:387] update(): dnsmasq owner not found on bus: Could not get owner of name 'org.freedesktop.NetworkManager.dnsmasq': no such name
Nov  4 19:30:07 l337h4x0r-laptop NetworkManager[515]: <warn>  DNS: plugin dnsmasq update failed
Nov  4 19:30:07 l337h4x0r-laptop NetworkManager[515]: <info>  Writing DNS information to /sbin/resolvconf
Nov  4 19:30:07 l337h4x0r-laptop dnsmasq[618]: started, version 2.75 cache disabled
Nov  4 19:30:07 l337h4x0r-laptop dnsmasq[618]: compile time options: IPv6 GNU-getopt DBus i18n IDN DHCP DHCPv6 no-Lua TFTP conntrack ipset auth DNSSEC loop-detect inotify
Nov  4 19:30:07 l337h4x0r-laptop dnsmasq[618]: DBus support enabled: connected to system bus
Nov  4 19:30:07 l337h4x0r-laptop dnsmasq[618]: warning: no upstream servers configured
Nov  4 19:30:07 l337h4x0r-laptop NetworkManager[515]: <info>  (enp0s3): Activation: successful, device activated.
Nov  4 19:30:07 l337h4x0r-laptop dbus[489]: [system] Activating via systemd: service name='org.freedesktop.nm_dispatcher' unit='dbus-org.freedesktop.nm-dispatcher.service'
Nov  4 19:30:07 l337h4x0r-laptop NetworkManager[515]: <warn>  dnsmasq appeared on DBus: :1.13
Nov  4 19:30:07 l337h4x0r-laptop dnsmasq[618]: setting upstream servers from DBus
Nov  4 19:30:07 l337h4x0r-laptop dnsmasq[618]: using nameserver 10.46.1.1#53
Nov  4 19:30:07 l337h4x0r-laptop NetworkManager[515]: <info>  Writing DNS information to /sbin/resolvconf
Nov  4 19:30:07 l337h4x0r-laptop systemd[1]: Starting Network Manager Script Dispatcher Service...
Nov  4 19:30:07 l337h4x0r-laptop dbus[489]: [system] Successfully activated service 'org.freedesktop.nm_dispatcher'
Nov  4 19:30:07 l337h4x0r-laptop systemd[1]: Started Network Manager Script Dispatcher Service.
Nov  4 19:30:07 l337h4x0r-laptop nm-dispatcher: Dispatching action 'up' for enp0s3
Nov  4 19:30:07 l337h4x0r-laptop whoopsie[439]: [19:30:07] The default IPv4 route is: /org/freedesktop/NetworkManager/ActiveConnection/0
Nov  4 19:30:07 l337h4x0r-laptop whoopsie[439]: [19:30:07] Not a paid data plan: /org/freedesktop/NetworkManager/ActiveConnection/0
Nov  4 19:30:07 l337h4x0r-laptop whoopsie[439]: [19:30:07] Found usable connection: /org/freedesktop/NetworkManager/ActiveConnection/0
Nov  4 19:30:08 l337h4x0r-laptop kernel: [    8.616129] floppy0: no floppy controllers found
Nov  4 19:30:08 l337h4x0r-laptop kernel: [    8.616199] work still pending
Nov  4 19:30:08 l337h4x0r-laptop ModemManager[465]: <info>  Couldn't find support for device at '/sys/devices/pci0000:00/0000:00:03.0': not supported by any plugin
Nov  4 19:30:09 l337h4x0r-laptop ntpd[547]: Listen normally on 4 enp0s3 10.46.1.105 UDP 123
Nov  4 19:30:09 l337h4x0r-laptop ntpd[547]: Listen normally on 5 enp0s3 fe80::a00:27ff:fe21:1823 UDP 123
Nov  4 19:30:09 l337h4x0r-laptop ntpd[547]: peers refreshed
Nov  4 19:30:09 l337h4x0r-laptop ntpd[547]: new interface(s) found: waking up resolver
Nov  4 19:30:11 l337h4x0r-laptop NetworkManager[515]: <info>  startup complete
